 streaming_protocol

 Timestamp is 5b4ce73c (Mon Jul 16 13:43:08 2018)

 Preferred load address is 00400000

 Start         Length     Name                   Class
 0001:00000000 00000530H .text$di                CODE
 0001:00000530 0001ece0H .text$mn                CODE
 0001:0001f210 00001f90H .text$x                 CODE
 0001:000211a0 0000000fH .text$yd                CODE
 0002:00000000 000002e0H .idata$5                DATA
 0002:000002e0 00000004H .00cfg                  DATA
 0002:000002e4 00000004H .CRT$XCA                DATA
 0002:000002e8 00000004H .CRT$XCAA               DATA
 0002:000002ec 00000004H .CRT$XCL                DATA
 0002:000002f0 00000144H .CRT$XCU                DATA
 0002:00000434 00000004H .CRT$XCZ                DATA
 0002:00000438 00000004H .CRT$XIA                DATA
 0002:0000043c 00000004H .CRT$XIAA               DATA
 0002:00000440 00000004H .CRT$XIAC               DATA
 0002:00000444 00000004H .CRT$XIZ                DATA
 0002:00000448 00000004H .CRT$XPA                DATA
 0002:0000044c 00000004H .CRT$XPZ                DATA
 0002:00000450 00000004H .CRT$XTA                DATA
 0002:00000454 0000000cH .CRT$XTZ                DATA
 0002:00000458 00000000H .gfids$y                DATA
 0002:00000460 00003888H .rdata                  DATA
 0002:00003ce8 000007f8H .rdata$r                DATA
 0002:000044e0 000002e0H .rdata$sxdata           DATA
 0002:000047c0 00000388H .rdata$zzzdbg           DATA
 0002:00004b48 00000004H .rtc$IAA                DATA
 0002:00004b4c 00000004H .rtc$IZZ                DATA
 0002:00004b50 00000004H .rtc$TAA                DATA
 0002:00004b54 00000004H .rtc$TZZ                DATA
 0002:00004b58 00002608H .xdata$x                DATA
 0002:00007160 00000000H .edata                  DATA
 0002:00007160 00000064H .idata$2                DATA
 0002:000071c4 00000014H .idata$3                DATA
 0002:000071d8 000002e0H .idata$4                DATA
 0002:000074b8 000017d0H .idata$6                DATA
 0003:00000000 00000020H .data                   DATA
 0003:00000020 00000440H .data$r                 DATA
 0003:00000460 000004c4H .bss                    DATA
 0004:00000000 00000060H .rsrc$01                DATA
 0004:00000060 00000180H .rsrc$02                DATA

  Address         Publics by Value              Rva+Base       Lib:Object

 0000:00000000       ___hybrid_auxiliary_iat    00000000     <absolute>
 0000:00000000       ___hybrid_code_map         00000000     <absolute>
 0000:00000000       ___guard_fids_count        00000000     <absolute>
 0000:00000000       ___guard_longjmp_count     00000000     <absolute>
 0000:00000000       ___hybrid_code_map_count   00000000     <absolute>
 0000:00000000       ___enclave_config          00000000     <absolute>
 0000:00000000       ___guard_iat_table         00000000     <absolute>
 0000:00000000       ___guard_fids_table        00000000     <absolute>
 0000:00000000       ___dynamic_value_reloc_table 00000000     <absolute>
 0000:00000000       ___guard_iat_count         00000000     <absolute>
 0000:00000000       ___guard_longjmp_table     00000000     <absolute>
 0000:000000b8       ___safe_se_handler_count   000000b8     <absolute>
 0000:00000100       ___guard_flags             00000100     <absolute>
 0000:00000000       ___ImageBase               00400000     <linker-defined>
 0001:00000530       ??0AngularSegmentKinematicsDatagram@@QAE@XZ 00401530 f   angularsegmentkinematicsdatagram.obj
 0001:000005a0       ??1AngularSegmentKinematicsDatagram@@UAE@XZ 004015a0 f   angularsegmentkinematicsdatagram.obj
 0001:000005d0       ?printData@AngularSegmentKinematicsDatagram@@UBEXXZ 004015d0 f   angularsegmentkinematicsdatagram.obj
 0001:00000a00       ?deserializeData@AngularSegmentKinematicsDatagram@@MAEXAAVStreamer@@@Z 00401a00 f   angularsegmentkinematicsdatagram.obj
 0001:00000ba0       ??$?0$$V@?$_Compressed_pair@V?$allocator@UKinematics@AngularSegmentKinematicsDatagram@@@std@@V?$_Vector_val@U?$_Simple_types@UKinematics@AngularSegmentKinematicsDatagram@@@std@@@2@$00@std@@QAE@U_Zero_then_variadic_args_t@1@@Z 00401ba0 f i angularsegmentkinematicsdatagram.obj
 0001:00000bc0       ??$?0UKinematics@AngularSegmentKinematicsDatagram@@@?$allocator@U_Container_proxy@std@@@std@@QAE@ABV?$allocator@UKinematics@AngularSegmentKinematicsDatagram@@@1@@Z 00401bc0 f i angularsegmentkinematicsdatagram.obj
 0001:00000bd0       ??$?6U?$char_traits@D@std@@@std@@YAAAV?$basic_ostream@DU?$char_traits@D@std@@@0@AAV10@PBD@Z 00401bd0 f i angularsegmentkinematicsdatagram.obj
 0001:00000f00       ??$_Allocate@$07U_Default_allocate_traits@std@@$0A@@std@@YAPAXI@Z 00401f00 f i angularsegmentkinematicsdatagram.obj
 0001:00000f40       ??$_Allocate_manually_vector_aligned@U_Default_allocate_traits@std@@@std@@YAPAXI@Z 00401f40 f i angularsegmentkinematicsdatagram.obj
 0001:00001000       ??$_Copy_memmove@PAUKinematics@AngularSegmentKinematicsDatagram@@PAU12@@std@@YAPAUKinematics@AngularSegmentKinematicsDatagram@@PAU12@00@Z 00402000 f i angularsegmentkinematicsdatagram.obj
 0001:00001040       ??$_Deallocate@$07$0A@@std@@YAXPAXI@Z 00402040 f i angularsegmentkinematicsdatagram.obj
 0001:00001070       ??$_Deallocate_plain@V?$allocator@U_Container_proxy@std@@@std@@$0A@@std@@YAXAAV?$allocator@U_Container_proxy@std@@@0@QAU_Container_proxy@0@@Z 00402070 f i angularsegmentkinematicsdatagram.obj
 0001:00001090       ??$_Destroy_range1@V?$allocator@UKinematics@AngularSegmentKinematicsDatagram@@@std@@@std@@YAXPAUKinematics@AngularSegmentKinematicsDatagram@@0AAV?$allocator@UKinematics@AngularSegmentKinematicsDatagram@@@0@U?$integral_constant@_N$00@0@@Z 00402090 f i angularsegmentkinematicsdatagram.obj
 0001:000010a0       ??$_Destroy_range@V?$allocator@UKinematics@AngularSegmentKinematicsDatagram@@@std@@@std@@YAXPAUKinematics@AngularSegmentKinematicsDatagram@@0AAV?$allocator@UKinematics@AngularSegmentKinematicsDatagram@@@0@@Z 004020a0 f i angularsegmentkinematicsdatagram.obj
 0001:000010d0       ??$_Emplace_back_with_unused_capacity@ABUKinematics@AngularSegmentKinematicsDatagram@@@?$vector@UKinematics@AngularSegmentKinematicsDatagram@@V?$allocator@UKinematics@AngularSegmentKinematicsDatagram@@@std@@@std@@AAEXABUKinematics@AngularSegmentKinematicsDatagram@@@Z 004020d0 f i angularsegmentkinematicsdatagram.obj
 0001:00001160       ??$_Emplace_reallocate@ABUKinematics@AngularSegmentKinematicsDatagram@@@?$vector@UKinematics@AngularSegmentKinematicsDatagram@@V?$allocator@UKinematics@AngularSegmentKinematicsDatagram@@@std@@@std@@QAEPAUKinematics@AngularSegmentKinematicsDatagram@@QAU23@ABU23@@Z 00402160 f i angularsegmentkinematicsdatagram.obj
 0001:00001340       ??$_Get_size_of_n@$07@std@@YAII@Z 00402340 f i angularsegmentkinematicsdatagram.obj
 0001:00001370       ??$_Get_size_of_n@$0CM@@std@@YAII@Z 00402370 f i angularsegmentkinematicsdatagram.obj
 0001:000013a0       ??$_Min_value@I@std@@YAABIABI0@Z 004023a0 f i angularsegmentkinematicsdatagram.obj
 0001:000013d0       ??$_Ptr_move_cat@UKinematics@AngularSegmentKinematicsDatagram@@U12@@std@@YA?AU_Really_trivial_ptr_iterator_tag@0@ABQAUKinematics@AngularSegmentKinematicsDatagram@@0@Z 004023d0 f i angularsegmentkinematicsdatagram.obj
 0001:000013e0       ??$_Rechecked@PAUKinematics@AngularSegmentKinematicsDatagram@@PAU12@@std@@YAAAPAUKinematics@AngularSegmentKinematicsDatagram@@AAPAU12@QAU12@@Z 004023e0 f i angularsegmentkinematicsdatagram.obj
 0001:000013f0       ??$_Unchecked@PAUKinematics@AngularSegmentKinematicsDatagram@@@std@@YAPAUKinematics@AngularSegmentKinematicsDatagram@@PAU12@@Z 004023f0 f i angularsegmentkinematicsdatagram.obj
 0001:00001400       ??$_Unfancy@UKinematics@AngularSegmentKinematicsDatagram@@@std@@YAPAUKinematics@AngularSegmentKinematicsDatagram@@PAU12@@Z 00402400 f i angularsegmentkinematicsdatagram.obj
 0001:00001410       ??$_Unfancy@U_Container_proxy@std@@@std@@YAPAU_Container_proxy@0@PAU10@@Z 00402410 f i angularsegmentkinematicsdatagram.obj
 0001:00001420       ??$_Uninitialized_move@PAUKinematics@AngularSegmentKinematicsDatagram@@PAU12@V?$allocator@UKinematics@AngularSegmentKinematicsDatagram@@@std@@@std@@YAPAUKinematics@AngularSegmentKinematicsDatagram@@QAU12@0PAU12@AAV?$allocator@UKinematics@AngularSegmentKinematicsDatagram@@@0@@Z 00402420 f i angularsegmentkinematicsdatagram.obj
 0001:000014a0       ??$_Uninitialized_move_al_unchecked@UKinematics@AngularSegmentKinematicsDatagram@@U12@V?$allocator@UKinematics@AngularSegmentKinematicsDatagram@@@std@@@std@@YAPAUKinematics@AngularSegmentKinematicsDatagram@@QAU12@00AAV?$allocator@UKinematics@AngularSegmentKinematicsDatagram@@@0@U_Really_trivial_ptr_iterator_tag@0@U?$integral_constant@_N$00@0@@Z 004024a0 f i angularsegmentkinematicsdatagram.obj
 0001:000014c0       ??$addressof@V?$_Vector_val@U?$_Simple_types@UKinematics@AngularSegmentKinematicsDatagram@@@std@@@std@@@std@@YAPAV?$_Vector_val@U?$_Simple_types@UKinematics@AngularSegmentKinematicsDatagram@@@std@@@0@AAV10@@Z 004024c0 f i angularsegmentkinematicsdatagram.obj
 0001:000014d0       ??$construct@UKinematics@AngularSegmentKinematicsDatagram@@ABU12@@?$_Default_allocator_traits@V?$allocator@UKinematics@AngularSegmentKinematicsDatagram@@@std@@@std@@SAXAAV?$allocator@UKinematics@AngularSegmentKinematicsDatagram@@@1@QAUKinematics@AngularSegmentKinematicsDatagram@@ABU34@@Z 004024d0 f i angularsegmentkinematicsdatagram.obj
 0001:00001510       ??$construct@U_Container_proxy@std@@U12@@?$_Default_allocator_traits@V?$allocator@U_Container_proxy@std@@@std@@@std@@SAXAAV?$allocator@U_Container_proxy@std@@@1@QAU_Container_proxy@1@$$QAU31@@Z 00402510 f i angularsegmentkinematicsdatagram.obj
 0001:00001550       ??$destroy@U_Container_proxy@std@@@?$_Default_allocator_traits@V?$allocator@U_Container_proxy@std@@@std@@@std@@SAXAAV?$allocator@U_Container_proxy@std@@@1@QAU_Container_proxy@1@@Z 00402550 f i angularsegmentkinematicsdatagram.obj
 0001:00001560       ??$emplace_back@ABUKinematics@AngularSegmentKinematicsDatagram@@@?$vector@UKinematics@AngularSegmentKinematicsDatagram@@V?$allocator@UKinematics@AngularSegmentKinematicsDatagram@@@std@@@std@@QAEXABUKinematics@AngularSegmentKinematicsDatagram@@@Z 00402560 f i angularsegmentkinematicsdatagram.obj
 0001:000015c0       ??$endl@DU?$char_traits@D@std@@@std@@YAAAV?$basic_ostream@DU?$char_traits@D@std@@@0@AAV10@@Z 004025c0 f i angularsegmentkinematicsdatagram.obj
 0001:00001600       ??$forward@ABUKinematics@AngularSegmentKinematicsDatagram@@@std@@YAABUKinematics@AngularSegmentKinematicsDatagram@@ABU12@@Z 00402600 f i angularsegmentkinematicsdatagram.obj
 0001:00001610       ??$forward@U_Container_proxy@std@@@std@@YA$$QAU_Container_proxy@0@AAU10@@Z 00402610 f i angularsegmentkinematicsdatagram.obj
 0001:00001620       ??0?$_Vector_alloc@U?$_Vec_base_types@UKinematics@AngularSegmentKinematicsDatagram@@V?$allocator@UKinematics@AngularSegmentKinematicsDatagram@@@std@@@std@@@std@@QAE@XZ 00402620 f i angularsegmentkinematicsdatagram.obj
 0001:00001650       ??0?$_Vector_val@U?$_Simple_types@UKinematics@AngularSegmentKinematicsDatagram@@@std@@@std@@QAE@XZ 00402650 f i angularsegmentkinematicsdatagram.obj
 0001:00001690       ??0?$allocator@UKinematics@AngularSegmentKinematicsDatagram@@@std@@QAE@XZ 00402690 f i angularsegmentkinematicsdatagram.obj
 0001:000016a0       ??0?$vector@UKinematics@AngularSegmentKinematicsDatagram@@V?$allocator@UKinematics@AngularSegmentKinematicsDatagram@@@std@@@std@@QAE@XZ 004026a0 f i angularsegmentkinematicsdatagram.obj
 0001:000016e0       ??0_Container_base12@std@@QAE@XZ 004026e0 f i angularsegmentkinematicsdatagram.obj
 0001:00001700       ??0_Container_proxy@std@@QAE@XZ 00402700 f i angularsegmentkinematicsdatagram.obj
 0001:00001730       ??0_Sentry_base@?$basic_ostream@DU?$char_traits@D@std@@@std@@QAE@AAV12@@Z 00402730 f i angularsegmentkinematicsdatagram.obj
 0001:00001790       ??0sentry@?$basic_ostream@DU?$char_traits@D@std@@@std@@QAE@AAV12@@Z 00402790 f i angularsegmentkinematicsdatagram.obj
 0001:00001860       ??1?$_Vector_alloc@U?$_Vec_base_types@UKinematics@AngularSegmentKinematicsDatagram@@V?$allocator@UKinematics@AngularSegmentKinematicsDatagram@@@std@@@std@@@std@@QAE@XZ 00402860 f i angularsegmentkinematicsdatagram.obj
 0001:000018a0       ??1?$vector@UKinematics@AngularSegmentKinematicsDatagram@@V?$allocator@UKinematics@AngularSegmentKinematicsDatagram@@@std@@@std@@QAE@XZ 004028a0 f i angularsegmentkinematicsdatagram.obj
 0001:000018f0       ??1_Sentry_base@?$basic_ostream@DU?$char_traits@D@std@@@std@@QAE@XZ 004028f0 f i angularsegmentkinematicsdatagram.obj
 0001:00001970       ??1sentry@?$basic_ostream@DU?$char_traits@D@std@@@std@@QAE@XZ 00402970 f i angularsegmentkinematicsdatagram.obj
 0001:000019d0       ??2@YAPAXIPAX@Z            004029d0 f i angularsegmentkinematicsdatagram.obj
 0001:000019e0       ??Bsentry@?$basic_ostream@DU?$char_traits@D@std@@@std@@QBE_NXZ 004029e0 f i angularsegmentkinematicsdatagram.obj
 0001:00001a00       ??_EAngularSegmentKinematicsDatagram@@UAEPAXI@Z 00402a00 f i angularsegmentkinematicsdatagram.obj
 0001:00001a00       ??_GAngularSegmentKinematicsDatagram@@UAEPAXI@Z 00402a00 f i angularsegmentkinematicsdatagram.obj
 0001:00001a30       ?_Adjust_manually_vector_aligned@std@@YAXAAPAXAAI@Z 00402a30 f i angularsegmentkinematicsdatagram.obj
 0001:00001ae0       ?_Alloc_proxy@?$_Vector_alloc@U?$_Vec_base_types@UKinematics@AngularSegmentKinematicsDatagram@@V?$allocator@UKinematics@AngularSegmentKinematicsDatagram@@@std@@@std@@@std@@QAEXXZ 00402ae0 f i angularsegmentkinematicsdatagram.obj
 0001:00001b60       ?_Allocate@_Default_allocate_traits@std@@SAPAXI@Z 00402b60 f i angularsegmentkinematicsdatagram.obj
 0001:00001b80       ?_Calculate_growth@?$vector@UKinematics@AngularSegmentKinematicsDatagram@@V?$allocator@UKinematics@AngularSegmentKinematicsDatagram@@@std@@@std@@ABEII@Z 00402b80 f i angularsegmentkinematicsdatagram.obj
 0001:00001bd0       ?_Change_array@?$vector@UKinematics@AngularSegmentKinematicsDatagram@@V?$allocator@UKinematics@AngularSegmentKinematicsDatagram@@@std@@@std@@AAEXQAUKinematics@AngularSegmentKinematicsDatagram@@II@Z 00402bd0 f i angularsegmentkinematicsdatagram.obj
 0001:00001c70       ?_Clrcont@_Iterator_base12@std@@QAEXXZ 00402c70 f i angularsegmentkinematicsdatagram.obj
 0001:00001c90       ?_Destroy@?$vector@UKinematics@AngularSegmentKinematicsDatagram@@V?$allocator@UKinematics@AngularSegmentKinematicsDatagram@@@std@@@std@@AAEXPAUKinematics@AngularSegmentKinematicsDatagram@@0@Z 00402c90 f i angularsegmentkinematicsdatagram.obj
 0001:00001cc0       ?_Free_proxy@?$_Vector_alloc@U?$_Vec_base_types@UKinematics@AngularSegmentKinematicsDatagram@@V?$allocator@UKinematics@AngularSegmentKinematicsDatagram@@@std@@@std@@@std@@QAEXXZ 00402cc0 f i angularsegmentkinematicsdatagram.obj
 0001:00001d30       ?_Get_data@?$_Vector_alloc@U?$_Vec_base_types@UKinematics@AngularSegmentKinematicsDatagram@@V?$allocator@UKinematics@AngularSegmentKinematicsDatagram@@@std@@@std@@@std@@QAEAAV?$_Vector_val@U?$_Simple_types@UKinematics@AngularSegmentKinematicsDatagram@@@std@@@2@XZ 00402d30 f i angularsegmentkinematicsdatagram.obj
 0001:00001d50       ?_Get_data@?$_Vector_alloc@U?$_Vec_base_types@UKinematics@AngularSegmentKinematicsDatagram@@V?$allocator@UKinematics@AngularSegmentKinematicsDatagram@@@std@@@std@@@std@@QBEABV?$_Vector_val@U?$_Simple_types@UKinematics@AngularSegmentKinematicsDatagram@@@std@@@2@XZ 00402d50 f i angularsegmentkinematicsdatagram.obj
 0001:00001d70       ?_Get_first@?$_Compressed_pair@V?$allocator@UKinematics@AngularSegmentKinematicsDatagram@@@std@@V?$_Vector_val@U?$_Simple_types@UKinematics@AngularSegmentKinematicsDatagram@@@std@@@2@$00@std@@QAEAAV?$allocator@UKinematics@AngularSegmentKinematicsDatagram@@@2@XZ 00402d70 f i angularsegmentkinematicsdatagram.obj
 0001:00001d80       ?_Get_first@?$_Compressed_pair@V?$allocator@UKinematics@AngularSegmentKinematicsDatagram@@@std@@V?$_Vector_val@U?$_Simple_types@UKinematics@AngularSegmentKinematicsDatagram@@@std@@@2@$00@std@@QBEABV?$allocator@UKinematics@AngularSegmentKinematicsDatagram@@@2@XZ 00402d80 f i angularsegmentkinematicsdatagram.obj
 0001:00001d90       ?_Get_second@?$_Compressed_pair@V?$allocator@UKinematics@AngularSegmentKinematicsDatagram@@@std@@V?$_Vector_val@U?$_Simple_types@UKinematics@AngularSegmentKinematicsDatagram@@@std@@@2@$00@std@@QAEAAV?$_Vector_val@U?$_Simple_types@UKinematics@AngularSegmentKinematicsDatagram@@@std@@@2@XZ 00402d90 f i angularsegmentkinematicsdatagram.obj
 0001:00001da0       ?_Get_second@?$_Compressed_pair@V?$allocator@UKinematics@AngularSegmentKinematicsDatagram@@@std@@V?$_Vector_val@U?$_Simple_types@UKinematics@AngularSegmentKinematicsDatagram@@@std@@@2@$00@std@@QBEABV?$_Vector_val@U?$_Simple_types@UKinematics@AngularSegmentKinematicsDatagram@@@std@@@2@XZ 00402da0 f i angularsegmentkinematicsdatagram.obj
 0001:00001db0       ?_Getal@?$_Vector_alloc@U?$_Vec_base_types@UKinematics@AngularSegmentKinematicsDatagram@@V?$allocator@UKinematics@AngularSegmentKinematicsDatagram@@@std@@@std@@@std@@QAEAAV?$allocator@UKinematics@AngularSegmentKinematicsDatagram@@@2@XZ 00402db0 f i angularsegmentkinematicsdatagram.obj
 0001:00001dd0       ?_Getal@?$_Vector_alloc@U?$_Vec_base_types@UKinematics@AngularSegmentKinematicsDatagram@@V?$allocator@UKinematics@AngularSegmentKinematicsDatagram@@@std@@@std@@@std@@QBEABV?$allocator@UKinematics@AngularSegmentKinematicsDatagram@@@2@XZ 00402dd0 f i angularsegmentkinematicsdatagram.obj
 0001:00001df0       ?_Getpfirst@?$_Vector_alloc@U?$_Vec_base_types@UKinematics@AngularSegmentKinematicsDatagram@@V?$allocator@UKinematics@AngularSegmentKinematicsDatagram@@@std@@@std@@@std@@QBEPAPAU_Iterator_base12@2@XZ 00402df0 f i angularsegmentkinematicsdatagram.obj
 0001:00001e10       ?_Getpfirst@_Container_base12@std@@QBEPAPAU_Iterator_base12@2@XZ 00402e10 f i angularsegmentkinematicsdatagram.obj
 0001:00001e40       ?_Getpnext@_Iterator_base12@std@@QAEPAPAU12@XZ 00402e40 f i angularsegmentkinematicsdatagram.obj
 0001:00001e60       ?_Has_unused_capacity@?$vector@UKinematics@AngularSegmentKinematicsDatagram@@V?$allocator@UKinematics@AngularSegmentKinematicsDatagram@@@std@@@std@@ABE_NXZ 00402e60 f i angularsegmentkinematicsdatagram.obj
 0001:00001ea0       ?_Myend@?$_Vector_alloc@U?$_Vec_base_types@UKinematics@AngularSegmentKinematicsDatagram@@V?$allocator@UKinematics@AngularSegmentKinematicsDatagram@@@std@@@std@@@std@@QAEAAPAUKinematics@AngularSegmentKinematicsDatagram@@XZ 00402ea0 f i angularsegmentkinematicsdatagram.obj
 0001:00001ec0       ?_Myend@?$_Vector_alloc@U?$_Vec_base_types@UKinematics@AngularSegmentKinematicsDatagram@@V?$allocator@UKinematics@AngularSegmentKinematicsDatagram@@@std@@@std@@@std@@QBEABQAUKinematics@AngularSegmentKinematicsDatagram@@XZ 00402ec0 f i angularsegmentkinematicsdatagram.obj
 0001:00001ee0       ?_Myfirst@?$_Vector_alloc@U?$_Vec_base_types@UKinematics@AngularSegmentKinematicsDatagram@@V?$allocator@UKinematics@AngularSegmentKinematicsDatagram@@@std@@@std@@@std@@QAEAAPAUKinematics@AngularSegmentKinematicsDatagram@@XZ 00402ee0 f i angularsegmentkinematicsdatagram.obj
 0001:00001f00       ?_Myfirst@?$_Vector_alloc@U?$_Vec_base_types@UKinematics@AngularSegmentKinematicsDatagram@@V?$allocator@UKinematics@AngularSegmentKinematicsDatagram@@@std@@@std@@@std@@QBEABQAUKinematics@AngularSegmentKinematicsDatagram@@XZ 00402f00 f i angularsegmentkinematicsdatagram.obj
 0001:00001f20       ?_Mylast@?$_Vector_alloc@U?$_Vec_base_types@UKinematics@AngularSegmentKinematicsDatagram@@V?$allocator@UKinematics@AngularSegmentKinematicsDatagram@@@std@@@std@@@std@@QAEAAPAUKinematics@AngularSegmentKinematicsDatagram@@XZ 00402f20 f i angularsegmentkinematicsdatagram.obj
 0001:00001f40       ?_Mylast@?$_Vector_alloc@U?$_Vec_base_types@UKinematics@AngularSegmentKinematicsDatagram@@V?$allocator@UKinematics@AngularSegmentKinematicsDatagram@@@std@@@std@@@std@@QBEABQAUKinematics@AngularSegmentKinematicsDatagram@@XZ 00402f40 f i angularsegmentkinematicsdatagram.obj
 0001:00001f60       ?_Myproxy@?$_Vector_alloc@U?$_Vec_base_types@UKinematics@AngularSegmentKinematicsDatagram@@V?$allocator@UKinematics@AngularSegmentKinematicsDatagram@@@std@@@std@@@std@@QAEAAPAU_Container_proxy@2@XZ 00402f60 f i angularsegmentkinematicsdatagram.obj
 0001:00001f80       ?_Orphan_all@?$_Vector_alloc@U?$_Vec_base_types@UKinematics@AngularSegmentKinematicsDatagram@@V?$allocator@UKinematics@AngularSegmentKinematicsDatagram@@@std@@@std@@@std@@QAEXXZ 00402f80 f i angularsegmentkinematicsdatagram.obj
 0001:00001fa0       ?_Orphan_all@_Container_base12@std@@QAEXXZ 00402fa0 f i angularsegmentkinematicsdatagram.obj
 0001:00002030       ?_Orphan_range@?$vector@UKinematics@AngularSegmentKinematicsDatagram@@V?$allocator@UKinematics@AngularSegmentKinematicsDatagram@@@std@@@std@@ABEXPAUKinematics@AngularSegmentKinematicsDatagram@@0@Z 00403030 f i angularsegmentkinematicsdatagram.obj
 0001:000020f0       ?_Tidy@?$vector@UKinematics@AngularSegmentKinematicsDatagram@@V?$allocator@UKinematics@AngularSegmentKinematicsDatagram@@@std@@@std@@AAEXXZ 004030f0 f i angularsegmentkinematicsdatagram.obj
 0001:00002180       ?_Umove@?$vector@UKinematics@AngularSegmentKinematicsDatagram@@V?$allocator@UKinematics@AngularSegmentKinematicsDatagram@@@std@@@std@@AAEPAUKinematics@AngularSegmentKinematicsDatagram@@PAU34@00@Z 00403180 f i angularsegmentkinematicsdatagram.obj
 0001:000021b0       ?_Umove_if_noexcept1@?$vector@UKinematics@AngularSegmentKinematicsDatagram@@V?$allocator@UKinematics@AngularSegmentKinematicsDatagram@@@std@@@std@@AAEXPAUKinematics@AngularSegmentKinematicsDatagram@@00U?$integral_constant@_N$00@2@@Z 004031b0 f i angularsegmentkinematicsdatagram.obj
 0001:000021e0       ?_Umove_if_noexcept@?$vector@UKinematics@AngularSegmentKinematicsDatagram@@V?$allocator@UKinematics@AngularSegmentKinematicsDatagram@@@std@@@std@@AAEXPAUKinematics@AngularSegmentKinematicsDatagram@@00@Z 004031e0 f i angularsegmentkinematicsdatagram.obj
 0001:00002210       ?_Xlength@?$vector@UKinematics@AngularSegmentKinematicsDatagram@@V?$allocator@UKinematics@AngularSegmentKinematicsDatagram@@@std@@@std@@CAXXZ 00403210 f i angularsegmentkinematicsdatagram.obj
 0001:00002220       ?_Xrange@?$vector@UKinematics@AngularSegmentKinematicsDatagram@@V?$allocator@UKinematics@AngularSegmentKinematicsDatagram@@@std@@@std@@CAXXZ 00403220 f i angularsegmentkinematicsdatagram.obj
 0001:00002230       ?__empty_global_delete@@YAXPAX@Z 00403230 f i angularsegmentkinematicsdatagram.obj
 0001:00002240       ?__empty_global_delete@@YAXPAXI@Z 00403240 f i angularsegmentkinematicsdatagram.obj
 0001:00002240       ?__global_delete@@YAXPAXI@Z 00403240 f i angularsegmentkinematicsdatagram.obj
 0001:00002250       ?allocate@?$allocator@UKinematics@AngularSegmentKinematicsDatagram@@@std@@QAEPAUKinematics@AngularSegmentKinematicsDatagram@@I@Z 00403250 f i angularsegmentkinematicsdatagram.obj
 0001:00002280       ?allocate@?$allocator@U_Container_proxy@std@@@std@@QAEPAU_Container_proxy@2@I@Z 00403280 f i angularsegmentkinematicsdatagram.obj
 0001:000022b0       ?at@?$vector@UKinematics@AngularSegmentKinematicsDatagram@@V?$allocator@UKinematics@AngularSegmentKinematicsDatagram@@@std@@@std@@QBEABUKinematics@AngularSegmentKinematicsDatagram@@I@Z 004032b0 f i angularsegmentkinematicsdatagram.obj
 0001:000022e0       ?capacity@?$vector@UKinematics@AngularSegmentKinematicsDatagram@@V?$allocator@UKinematics@AngularSegmentKinematicsDatagram@@@std@@@std@@QBEIXZ 004032e0 f i angularsegmentkinematicsdatagram.obj
 0001:00002310       ?deallocate@?$_Default_allocator_traits@V?$allocator@U_Container_proxy@std@@@std@@@std@@SAXAAV?$allocator@U_Container_proxy@std@@@2@QAU_Container_proxy@2@I@Z 00403310 f i angularsegmentkinematicsdatagram.obj
 0001:00002330       ?deallocate@?$allocator@UKinematics@AngularSegmentKinematicsDatagram@@@std@@QAEXQAUKinematics@AngularSegmentKinematicsDatagram@@I@Z 00403330 f i angularsegmentkinematicsdatagram.obj
 0001:00002350       ?eof@?$char_traits@D@std@@SAHXZ 00403350 f i angularsegmentkinematicsdatagram.obj
 0001:00002360       ?eq_int_type@?$char_traits@D@std@@SA_NABH0@Z 00403360 f i angularsegmentkinematicsdatagram.obj
 0001:00002390       ?length@?$char_traits@D@std@@SAIQBD@Z 00403390 f i angularsegmentkinematicsdatagram.obj
 0001:000023b0       ?max@?$numeric_limits@H@std@@SAHXZ 004033b0 f i angularsegmentkinematicsdatagram.obj
 0001:000023c0       ?max_size@?$_Default_allocator_traits@V?$allocator@UKinematics@AngularSegmentKinematicsDatagram@@@std@@@std@@SAIABV?$allocator@UKinematics@AngularSegmentKinematicsDatagram@@@2@@Z 004033c0 f i angularsegmentkinematicsdatagram.obj
 0001:000023d0       ?max_size@?$vector@UKinematics@AngularSegmentKinematicsDatagram@@V?$allocator@UKinematics@AngularSegmentKinematicsDatagram@@@std@@@std@@QBEIXZ 004033d0 f i angularsegmentkinematicsdatagram.obj
 0001:00002410       ?push_back@?$vector@UKinematics@AngularSegmentKinematicsDatagram@@V?$allocator@UKinematics@AngularSegmentKinematicsDatagram@@@std@@@std@@QAEXABUKinematics@AngularSegmentKinematicsDatagram@@@Z 00403410 f i angularsegmentkinematicsdatagram.obj
 0001:00002430       ?size@?$vector@UKinematics@AngularSegmentKinematicsDatagram@@V?$allocator@UKinematics@AngularSegmentKinematicsDatagram@@@std@@@std@@QBEIXZ 00403430 f i angularsegmentkinematicsdatagram.obj
 0001:00002460       ??0CenterOfMassDatagram@@QAE@XZ 00403460 f   centerofmassdatagram.obj
 0001:000024d0       ??1CenterOfMassDatagram@@UAE@XZ 004034d0 f   centerofmassdatagram.obj
 0001:000024f0       ?printData@CenterOfMassDatagram@@UBEXXZ 004034f0 f   centerofmassdatagram.obj
 0001:00002630       ?deserializeData@CenterOfMassDatagram@@MAEXAAVStreamer@@@Z 00403630 f   centerofmassdatagram.obj
 0001:00002680       ??_GCenterOfMassDatagram@@UAEPAXI@Z 00403680 f i centerofmassdatagram.obj
 0001:00002680       ??_ECenterOfMassDatagram@@UAEPAXI@Z 00403680 f i centerofmassdatagram.obj
 0001:000026b0       ??0Datagram@@QAE@XZ        004036b0 f   datagram.obj
 0001:00002760       ??1Datagram@@QAE@XZ        00403760 f   datagram.obj
 0001:00002790       ?deserialize@Datagram@@QAE_NABUXsByteArray@@@Z 00403790 f   datagram.obj
 0001:000028b0       ?setDataCount@Datagram@@QAEXE@Z 004038b0 f   datagram.obj
 0001:000028d0       ?setType@Datagram@@QAEXW4StreamingProtocol@@@Z 004038d0 f   datagram.obj
 0001:000029f0       ?messageType@Datagram@@QBEHXZ 004039f0 f   datagram.obj
 0001:00002aa0       ?sampleCounter@Datagram@@QBEHXZ 00403aa0 f   datagram.obj
 0001:00002ac0       ?frameTime@Datagram@@QBEHXZ 00403ac0 f   datagram.obj
 0001:00002ae0       ?avatarId@Datagram@@QBEEXZ 00403ae0 f   datagram.obj
 0001:00002b00       ?dataCount@Datagram@@QBEEXZ 00403b00 f   datagram.obj
 0001:00002b20       ?datagramCounter@Datagram@@QBEEXZ 00403b20 f   datagram.obj
 0001:00002b40       ?messageType@Datagram@@SAHABUXsByteArray@@@Z 00403b40 f   datagram.obj
 0001:00002c30       ?decode@Datagram@@QBE?AV?$basic_string@DU?$char_traits@D@std@@V?$allocator@D@2@@std@@W4StreamingProtocol@@@Z 00403c30 f   datagram.obj
 0001:00002d60       ?convertFromYupToZup@Datagram@@QBEXPAM@Z 00403d60 f   datagram.obj
 0001:00002df0       ?printHeader@Datagram@@QBEXXZ 00403df0 f   datagram.obj
 0001:00003040       ?getDataSize@Datagram@@ABEHXZ 00404040 f   datagram.obj
 0001:00003060       ?initMap@Datagram@@AAEXAAV?$map@HV?$basic_string@DU?$char_traits@D@std@@V?$allocator@D@2@@std@@U?$less@H@2@V?$allocator@U?$pair@$$CBHV?$basic_string@DU?$char_traits@D@std@@V?$allocator@D@2@@std@@@std@@@2@@std@@@Z 00404060 f   datagram.obj
 0001:00003210       ??$?0$$QAH$$Z$$V@?$pair@$$CBHV?$basic_string@DU?$char_traits@D@std@@V?$allocator@D@2@@std@@@std@@QAE@Upiecewise_construct_t@1@V?$tuple@$$QAH@1@V?$tuple@$$V@1@@Z 00404210 f i datagram.obj
 0001:00003240       ??$?0$$V@?$_Compressed_pair@V?$allocator@D@std@@V?$_String_val@U?$_Simple_types@D@std@@@2@$00@std@@QAE@U_Zero_then_variadic_args_t@1@@Z 00404240 f i datagram.obj
 0001:00003260       ??$?0$$V@?$_Compressed_pair@V?$allocator@U?$_Tree_node@U?$pair@$$CBHV?$basic_string@DU?$char_traits@D@std@@V?$allocator@D@2@@std@@@std@@PAX@std@@@std@@V?$_Tree_val@U?$_Tree_simple_types@U?$pair@$$CBHV?$basic_string@DU?$char_traits@D@std@@V?$allocator@D@2@@std@@@std@@@std@@@2@$00@std@@QAE@U_Zero_then_variadic_args_t@1@@Z 00404260 f i datagram.obj
 0001:00003280       ??$?0AAPAV_Facet_base@std@@@?$_Compressed_pair@U?$default_delete@V_Facet_base@std@@@std@@PAV_Facet_base@2@$00@std@@QAE@U_Zero_then_variadic_args_t@1@AAPAV_Facet_base@1@@Z 00404280 f i datagram.obj
 0001:000032b0       ??$?0AAV?$_Tree_iterator@V?$_Tree_val@U?$_Tree_simple_types@U?$pair@$$CBHV?$basic_string@DU?$char_traits@D@std@@V?$allocator@D@2@@std@@@std@@@std@@@std@@@std@@_N$0A@@?$pair@V?$_Tree_iterator@V?$_Tree_val@U?$_Tree_simple_types@U?$pair@$$CBHV?$basic_string@DU?$char_traits@D@std@@V?$allocator@D@2@@std@@@std@@@std@@@std@@@std@@_N@std@@QAE@AAV?$_Tree_iterator@V?$_Tree_val@U?$_Tree_simple_types@U?$pair@$$CBHV?$basic_string@DU?$char_traits@D@std@@V?$allocator@D@2@@std@@@std@@@std@@@std@@@1@$$QA_N@Z 004042b0 f i datagram.obj
 0001:000032f0       ??$?0ABU?$less@H@std@@U_Zero_then_variadic_args_t@1@@?$_Compressed_pair@U?$less@H@std@@V?$_Compressed_pair@V?$allocator@U?$_Tree_node@U?$pair@$$CBHV?$basic_string@DU?$char_traits@D@std@@V?$allocator@D@2@@std@@@std@@PAX@std@@@std@@V?$_Tree_val@U?$_Tree_simple_types@U?$pair@$$CBHV?$basic_string@DU?$char_traits@D@std@@V?$allocator@D@2@@std@@@std@@@std@@@2@$00@2@$00@std@@QAE@U_One_then_variadic_args_t@1@ABU?$less@H@1@$$QAU_Zero_then_variadic_args_t@1@@Z 004042f0 f i datagram.obj
 0001:00003330       ??$?0ABV?$allocator@D@std@@$$V@?$_Compressed_pair@V?$allocator@D@std@@V?$_String_val@U?$_Simple_types@D@std@@@2@$00@std@@QAE@U_One_then_variadic_args_t@1@ABV?$allocator@D@1@@Z 00404330 f i datagram.obj
 0001:00003360       ??$?0ABV?$allocator@D@std@@X@?$_String_alloc@U?$_String_base_types@DV?$allocator@D@std@@@std@@@std@@QAE@ABV?$allocator@D@1@@Z 00404360 f i datagram.obj
 0001:000033d0       ??$?0D@?$allocator@U_Container_proxy@std@@@std@@QAE@ABV?$allocator@D@1@@Z 004043d0 f i datagram.obj
 0001:000033e0       ??$?0H$$V$0A@@?$tuple@$$QAH@std@@QAE@$$QAH@Z 004043e0 f i datagram.obj
 0001:00003420       ??$?0H@?$_Tuple_val@$$QAH@std@@QAE@$$QAH@Z 00404420 f i datagram.obj
 0001:00003450       ??$?0PAV_Facet_base@std@@@?$_Unique_ptr_base@V_Facet_base@std@@U?$default_delete@V_Facet_base@std@@@2@@std@@QAE@PAV_Facet_base@1@@Z 00404450 f i datagram.obj
 0001:00003480       ??$?0U?$_Tree_node@U?$pair@$$CBHV?$basic_string@DU?$char_traits@D@std@@V?$allocator@D@2@@std@@@std@@PAX@std@@@?$allocator@U_Container_proxy@std@@@std@@QAE@ABV?$allocator@U?$_Tree_node@U?$pair@$$CBHV?$basic_string@DU?$char_traits@D@std@@V?$allocator@D@2@@std@@@std@@PAX@std@@@1@@Z 00404480 f i datagram.obj
 0001:00003490       ??$?0U?$default_delete@V_Facet_base@std@@@std@@$0A@@?$unique_ptr@V_Facet_base@std@@U?$default_delete@V_Facet_base@std@@@2@@std@@QAE@PAV_Facet_base@1@@Z 00404490 f i datagram.obj
 0001:000034e0       ??$?0U_Exact_args_t@std@@$0A@@?$tuple@$$V@std@@QAE@U_Exact_args_t@1@@Z 004044e0 f i datagram.obj
 0001:000034f0       ??$?0U_Exact_args_t@std@@H$$V$0A@@?$tuple@$$QAH@std@@QAE@U_Exact_args_t@1@$$QAH@Z 004044f0 f i datagram.obj
 0001:00003530       ??$?0V?$_Tree_iterator@V?$_Tree_val@U?$_Tree_simple_types@U?$pair@$$CBHV?$basic_string@DU?$char_traits@D@std@@V?$allocator@D@2@@std@@@std@@@std@@@std@@@std@@_N$0A@@?$pair@V?$_Tree_iterator@V?$_Tree_val@U?$_Tree_simple_types@U?$pair@$$CBHV?$basic_string@DU?$char_traits@D@std@@V?$allocator@D@2@@std@@@std@@@std@@@std@@@std@@_N@std@@QAE@$$QAV?$_Tree_iterator@V?$_Tree_val@U?$_Tree_simple_types@U?$pair@$$CBHV?$basic_string@DU?$char_traits@D@std@@V?$allocator@D@2@@std@@@std@@@std@@@std@@@1@$$QA_N@Z 00404530 f i datagram.obj
 0001:00003570       ??$?0V?$allocator@D@std@@$$V@?$_Compressed_pair@V?$allocator@D@std@@V?$_String_val@U?$_Simple_types@D@std@@@2@$00@std@@QAE@U_One_then_variadic_args_t@1@$$QAV?$allocator@D@1@@Z 00404570 f i datagram.obj
 0001:000035a0       ??$?0V?$allocator@D@std@@X@?$_String_alloc@U?$_String_base_types@DV?$allocator@D@std@@@std@@@std@@QAE@$$QAV?$allocator@D@1@@Z 004045a0 f i datagram.obj
 0001:00003610       ??$?0V?$tuple@$$QAH@std@@V?$tuple@$$V@1@$0A@$$Z$S@?$pair@$$CBHV?$basic_string@DU?$char_traits@D@std@@V?$allocator@D@2@@std@@@std@@QAE@AAV?$tuple@$$QAH@1@AAV?$tuple@$$V@1@U?$integer_sequence@I$0A@@1@U?$integer_sequence@I$S@1@@Z 00404610 f i datagram.obj
 0001:00003650       ??$?5DU?$char_traits@D@std@@V?$allocator@D@1@@std@@YAAAV?$basic_istream@DU?$char_traits@D@std@@@0@$$QAV10@AAV?$basic_string@DU?$char_traits@D@std@@V?$allocator@D@2@@0@@Z 00404650 f i datagram.obj
 0001:000038f0       ??$?5DU?$char_traits@D@std@@V?$allocator@D@1@@std@@YAAAV?$basic_istream@DU?$char_traits@D@std@@@0@AAV10@AAV?$basic_string@DU?$char_traits@D@std@@V?$allocator@D@2@@0@@Z 004048f0 f i datagram.obj
 0001:00003910       ??$?6DU?$char_traits@D@std@@V?$allocator@D@1@@std@@YAAAV?$basic_ostream@DU?$char_traits@D@std@@@0@AAV10@ABV?$basic_string@DU?$char_traits@D@std@@V?$allocator@D@2@@0@@Z 00404910 f i datagram.obj
 0001:00003940       ??$?6U?$char_traits@D@std@@@std@@YAAAV?$basic_ostream@DU?$char_traits@D@std@@@0@AAV10@D@Z 00404940 f i datagram.obj
 0001:00003c30       ??$?6U?$char_traits@D@std@@@std@@YAAAV?$basic_ostream@DU?$char_traits@D@std@@@0@AAV10@E@Z 00404c30 f i datagram.obj
 0001:00003c50       ??$?9DD@std@@YA_NABV?$allocator@D@0@0@Z 00404c50 f i datagram.obj
 0001:00003c60       ??$?HDU?$char_traits@D@std@@V?$allocator@D@1@@std@@YA?AV?$basic_string@DU?$char_traits@D@std@@V?$allocator@D@2@@0@QBD$$QAV10@@Z 00404c60 f i datagram.obj
 0001:00003ca0       ??$_Buy_if_not_node@AAU?$pair@$$CBHV?$basic_string@DU?$char_traits@D@std@@V?$allocator@D@2@@std@@@std@@@?$_Tree@V?$_Tmap_traits@HV?$basic_string@DU?$char_traits@D@std@@V?$allocator@D@2@@std@@U?$less@H@2@V?$allocator@U?$pair@$$CBHV?$basic_string@DU?$char_traits@D@std@@V?$allocator@D@2@@std@@@std@@@2@$0A@@std@@@std@@IAEPAU?$_Tree_node@U?$pair@$$CBHV?$basic_string@DU?$char_traits@D@std@@V?$allocator@D@2@@std@@@std@@PAX@1@PAU21@AAU?$pair@$$CBHV?$basic_string@DU?$char_traits@D@std@@V?$allocator@D@2@@std@@@1@@Z 00404ca0 f i datagram.obj
 0001:00003cb0       ??$_Buynode@ABUpiecewise_construct_t@std@@V?$tuple@$$QAH@2@V?$tuple@$$V@2@@?$_Tree_comp_alloc@V?$_Tmap_traits@HV?$basic_string@DU?$char_traits@D@std@@V?$allocator@D@2@@std@@U?$less@H@2@V?$allocator@U?$pair@$$CBHV?$basic_string@DU?$char_traits@D@std@@V?$allocator@D@2@@std@@@std@@@2@$0A@@std@@@std@@QAEPAU?$_Tree_node@U?$pair@$$CBHV?$basic_string@DU?$char_traits@D@std@@V?$allocator@D@2@@std@@@std@@PAX@1@ABUpiecewise_construct_t@1@$$QAV?$tuple@$$QAH@1@$$QAV?$tuple@$$V@1@@Z 00404cb0 f i datagram.obj
 0001:00003d90       ??$_Convert_size@I@std@@YAII@Z 00404d90 f i datagram.obj
 0001:00003da0       ??$_Debug_lt_pred@AAU?$less@H@std@@AAHABH@std@@YA_NAAU?$less@H@0@AAHABHPB_WI@Z 00404da0 f i datagram.obj
 0001:00003e30       ??$_Debug_lt_pred@AAU?$less@H@std@@ABHABH@std@@YA_NAAU?$less@H@0@ABH1PB_WI@Z 00404e30 f i datagram.obj
 0001:00003ec0       ??$_Debug_lt_pred@ABU?$less@H@std@@ABHABH@std@@YA_NABU?$less@H@0@ABH1PB_WI@Z 00404ec0 f i datagram.obj
 0001:00003f50       ??$_Freenode0@V?$allocator@U?$_Tree_node@U?$pair@$$CBHV?$basic_string@DU?$char_traits@D@std@@V?$allocator@D@2@@std@@@std@@PAX@std@@@std@@@?$_Tree_node@U?$pair@$$CBHV?$basic_string@DU?$char_traits@D@std@@V?$allocator@D@2@@std@@@std@@PAX@std@@SAXAAV?$allocator@U?$_Tree_node@U?$pair@$$CBHV?$basic_string@DU?$char_traits@D@std@@V?$allocator@D@2@@std@@@std@@PAX@std@@@1@PAU01@@Z 00404f50 f i datagram.obj
 0001:00003ff0       ??$_Get_size_of_n@$00@std@@YAII@Z 00404ff0 f i datagram.obj
 0001:00004000       ??$_Get_size_of_n@$0DA@@std@@YAII@Z 00405000 f i datagram.obj
 0001:00004030       ??$_Insert_at@AAU?$pair@$$CBHV?$basic_string@DU?$char_traits@D@std@@V?$allocator@D@2@@std@@@std@@PAU?$_Tree_node@U?$pair@$$CBHV?$basic_string@DU?$char_traits@D@std@@V?$allocator@D@2@@std@@@std@@PAX@2@@?$_Tree@V?$_Tmap_traits@HV?$basic_string@DU?$char_traits@D@std@@V?$allocator@D@2@@std@@U?$less@H@2@V?$allocator@U?$pair@$$CBHV?$basic_string@DU?$char_traits@D@std@@V?$allocator@D@2@@std@@@std@@@2@$0A@@std@@@std@@IAE?AV?$_Tree_iterator@V?$_Tree_val@U?$_Tree_simple_types@U?$pair@$$CBHV?$basic_string@DU?$char_traits@D@std@@V?$allocator@D@2@@std@@@std@@@std@@@std@@@1@_NPAU?$_Tree_node@U?$pair@$$CBHV?$basic_string@DU?$char_traits@D@std@@V?$allocator@D@2@@std@@@std@@PAX@1@AAU?$pair@$$CBHV?$basic_string@DU?$char_traits@D@std@@V?$allocator@D@2@@std@@@1@1@Z 00405030 f i datagram.obj
 0001:000042d0       ??$_Insert_hint@AAU?$pair@$$CBHV?$basic_string@DU?$char_traits@D@std@@V?$allocator@D@2@@std@@@std@@PAU?$_Tree_node@U?$pair@$$CBHV?$basic_string@DU?$char_traits@D@std@@V?$allocator@D@2@@std@@@std@@PAX@2@@?$_Tree@V?$_Tmap_traits@HV?$basic_string@DU?$char_traits@D@std@@V?$allocator@D@2@@std@@U?$less@H@2@V?$allocator@U?$pair@$$CBHV?$basic_string@DU?$char_traits@D@std@@V?$allocator@D@2@@std@@@std@@@2@$0A@@std@@@std@@IAE?AV?$_Tree_iterator@V?$_Tree_val@U?$_Tree_simple_types@U?$pair@$$CBHV?$basic_string@DU?$char_traits@D@std@@V?$allocator@D@2@@std@@@std@@@std@@@std@@@1@V?$_Tree_const_iterator@V?$_Tree_val@U?$_Tree_simple_types@U?$pair@$$CBHV?$basic_string@DU?$char_traits@D@std@@V?$allocator@D@2@@std@@@std@@@std@@@std@@@1@AAU?$pair@$$CBHV?$basic_string@DU?$char_traits@D@std@@V?$allocator@D@2@@std@@@1@PAU?$_Tree_node@U?$pair@$$CBHV?$basic_string@DU?$char_traits@D@std@@V?$allocator@D@2@@std@@@std@@PAX@1@@Z 004052d0 f i datagram.obj
 0001:00004fe0       ??$_Insert_nohint@AAU?$pair@$$CBHV?$basic_string@DU?$char_traits@D@std@@V?$allocator@D@2@@std@@@std@@PAU?$_Tree_node@U?$pair@$$CBHV?$basic_string@DU?$char_traits@D@std@@V?$allocator@D@2@@std@@@std@@PAX@2@@?$_Tree@V?$_Tmap_traits@HV?$basic_string@DU?$char_traits@D@std@@V?$allocator@D@2@@std@@U?$less@H@2@V?$allocator@U?$pair@$$CBHV?$basic_string@DU?$char_traits@D@std@@V?$allocator@D@2@@std@@@std@@@2@$0A@@std@@@std@@IAE?AU?$pair@V?$_Tree_iterator@V?$_Tree_val@U?$_Tree_simple_types@U?$pair@$$CBHV?$basic_string@DU?$char_traits@D@std@@V?$allocator@D@2@@std@@@std@@@std@@@std@@@std@@_N@1@_NAAU?$pair@$$CBHV?$basic_string@DU?$char_traits@D@std@@V?$allocator@D@2@@std@@@1@PAU?$_Tree_node@U?$pair@$$CBHV?$basic_string@DU?$char_traits@D@std@@V?$allocator@D@2@@std@@@std@@PAX@1@@Z 00405fe0 f i datagram.obj
 0001:000053c0       ??$_Insert_string@DU?$char_traits@D@std@@I@std@@YAAAV?$basic_ostream@DU?$char_traits@D@std@@@0@AAV10@QBDI@Z 004063c0 f i datagram.obj
 0001:000056a0       ??$_Kfn@$$CBHV?$basic_string@DU?$char_traits@D@std@@V?$allocator@D@2@@std@@@?$_Tmap_traits@HV?$basic_string@DU?$char_traits@D@std@@V?$allocator@D@2@@std@@U?$less@H@2@V?$allocator@U?$pair@$$CBHV?$basic_string@DU?$char_traits@D@std@@V?$allocator@D@2@@std@@@std@@@2@$0A@@std@@SAABHABU?$pair@$$CBHV?$basic_string@DU?$char_traits@D@std@@V?$allocator@D@2@@std@@@1@@Z 004066a0 f i datagram.obj
 0001:000056b0       ??$_Lbound@H@?$_Tree@V?$_Tmap_traits@HV?$basic_string@DU?$char_traits@D@std@@V?$allocator@D@2@@std@@U?$less@H@2@V?$allocator@U?$pair@$$CBHV?$basic_string@DU?$char_traits@D@std@@V?$allocator@D@2@@std@@@std@@@2@$0A@@std@@@std@@IBEPAU?$_Tree_node@U?$pair@$$CBHV?$basic_string@DU?$char_traits@D@std@@V?$allocator@D@2@@std@@@std@@PAX@1@ABH@Z 004066b0 f i datagram.obj
 0001:00005720       ??$_Max_value@I@std@@YAABIABI0@Z 00406720 f i datagram.obj
 0001:00005750       ??$_Pocma@V?$allocator@D@std@@@std@@YAXAAV?$allocator@D@0@0@Z 00406750 f i datagram.obj
 0001:00005770       ??$_Pocma@V?$allocator@D@std@@@std@@YAXAAV?$allocator@D@0@0U?$integral_constant@_N$00@0@@Z 00406770 f i datagram.obj
 0001:00005b00       ??$_Try_emplace@H$$V@?$map@HV?$basic_string@DU?$char_traits@D@std@@V?$allocator@D@2@@std@@U?$less@H@2@V?$allocator@U?$pair@$$CBHV?$basic_string@DU?$char_traits@D@std@@V?$allocator@D@2@@std@@@std@@@2@@std@@QAE?AU?$pair@V?$_Tree_iterator@V?$_Tree_val@U?$_Tree_simple_types@U?$pair@$$CBHV?$basic_string@DU?$char_traits@D@std@@V?$allocator@D@2@@std@@@std@@@std@@@std@@@std@@_N@1@$$QAH@Z 00406b00 f i datagram.obj
 0001:00005cd0       ??$_Unfancy@D@std@@YAPADPAD@Z 00406cd0 f i datagram.obj
 0001:00005ce0       ??$addressof@$$CBU?$pair@$$CBHV?$basic_string@DU?$char_traits@D@std@@V?$allocator@D@2@@std@@@std@@@std@@YAPBU?$pair@$$CBHV?$basic_string@DU?$char_traits@D@std@@V?$allocator@D@2@@std@@@0@ABU10@@Z 00406ce0 f i datagram.obj
 0001:00005cf0       ??$addressof@$$CBV?$_Tree_val@U?$_Tree_simple_types@U?$pair@$$CBHV?$basic_string@DU?$char_traits@D@std@@V?$allocator@D@2@@std@@@std@@@std@@@std@@@std@@YAPBV?$_Tree_val@U?$_Tree_simple_types@U?$pair@$$CBHV?$basic_string@DU?$char_traits@D@std@@V?$allocator@D@2@@std@@@std@@@std@@@0@ABV10@@Z 00406cf0 f i datagram.obj
 0001:00005d00       ??$addressof@D@std@@YAPADAAD@Z 00406d00 f i datagram.obj
 0001:00005d10       ??$addressof@PAD@std@@YAPAPADAAPAD@Z 00406d10 f i datagram.obj
 0001:00005d20       ??$addressof@PAU?$_Tree_node@U?$pair@$$CBHV?$basic_string@DU?$char_traits@D@std@@V?$allocator@D@2@@std@@@std@@PAX@std@@@std@@YAPAPAU?$_Tree_node@U?$pair@$$CBHV?$basic_string@DU?$char_traits@D@std@@V?$allocator@D@2@@std@@@std@@PAX@0@AAPAU10@@Z 00406d20 f i datagram.obj
 0001:00005d30       ??$addressof@U?$pair@$$CBHV?$basic_string@DU?$char_traits@D@std@@V?$allocator@D@2@@std@@@std@@@std@@YAPAU?$pair@$$CBHV?$basic_string@DU?$char_traits@D@std@@V?$allocator@D@2@@std@@@0@AAU10@@Z 00406d30 f i datagram.obj
 0001:00005d40       ??$addressof@V?$_String_val@U?$_Simple_types@D@std@@@std@@@std@@YAPAV?$_String_val@U?$_Simple_types@D@std@@@0@AAV10@@Z 00406d40 f i datagram.obj
 0001:00005d50       ??$addressof@V?$_Tree_val@U?$_Tree_simple_types@U?$pair@$$CBHV?$basic_string@DU?$char_traits@D@std@@V?$allocator@D@2@@std@@@std@@@std@@@std@@@std@@YAPAV?$_Tree_val@U?$_Tree_simple_types@U?$pair@$$CBHV?$basic_string@DU?$char_traits@D@std@@V?$allocator@D@2@@std@@@std@@@std@@@0@AAV10@@Z 00406d50 f i datagram.obj
 0001:00005d60       ??$addressof@V?$basic_string@DU?$char_traits@D@std@@V?$allocator@D@2@@std@@@std@@YAPAV?$basic_string@DU?$char_traits@D@std@@V?$allocator@D@2@@0@AAV10@@Z 00406d60 f i datagram.obj
 0001:00005d70       ??$construct@PADABQAD@?$_Default_allocator_traits@V?$allocator@D@std@@@std@@SAXAAV?$allocator@D@1@QAPADABQAD@Z 00406d70 f i datagram.obj
 0001:00005da0       ??$construct@PAU?$_Tree_node@U?$pair@$$CBHV?$basic_string@DU?$char_traits@D@std@@V?$allocator@D@2@@std@@@std@@PAX@std@@AAPAU12@@?$_Default_allocator_traits@V?$allocator@U?$_Tree_node@U?$pair@$$CBHV?$basic_string@DU?$char_traits@D@std@@V?$allocator@D@2@@std@@@std@@PAX@std@@@std@@@std@@SAXAAV?$allocator@U?$_Tree_node@U?$pair@$$CBHV?$basic_string@DU?$char_traits@D@std@@V?$allocator@D@2@@std@@@std@@PAX@std@@@1@QAPAU?$_Tree_node@U?$pair@$$CBHV?$basic_string@DU?$char_traits@D@std@@V?$allocator@D@2@@std@@@std@@PAX@1@AAPAU31@@Z 00406da0 f i datagram.obj
 0001:00005dd0       ??$construct@U?$pair@$$CBHV?$basic_string@DU?$char_traits@D@std@@V?$allocator@D@2@@std@@@std@@ABUpiecewise_construct_t@2@V?$tuple@$$QAH@2@V?$tuple@$$V@2@@?$_Default_allocator_traits@V?$allocator@U?$_Tree_node@U?$pair@$$CBHV?$basic_string@DU?$char_traits@D@std@@V?$allocator@D@2@@std@@@std@@PAX@std@@@std@@@std@@SAXAAV?$allocator@U?$_Tree_node@U?$pair@$$CBHV?$basic_string@DU?$char_traits@D@std@@V?$allocator@D@2@@std@@@std@@PAX@std@@@1@QAU?$pair@$$CBHV?$basic_string@DU?$char_traits@D@std@@V?$allocator@D@2@@std@@@1@ABUpiecewise_construct_t@1@$$QAV?$tuple@$$QAH@1@$$QAV?$tuple@$$V@1@@Z 00406dd0 f i datagram.obj
 0001:00005e40       ??$destroy@PAD@?$_Default_allocator_traits@V?$allocator@D@std@@@std@@SAXAAV?$allocator@D@1@QAPAD@Z 00406e40 f i datagram.obj
 0001:00005e50       ??$destroy@PAU?$_Tree_node@U?$pair@$$CBHV?$basic_string@DU?$char_traits@D@std@@V?$allocator@D@2@@std@@@std@@PAX@std@@@?$_Default_allocator_traits@V?$allocator@U?$_Tree_node@U?$pair@$$CBHV?$basic_string@DU?$char_traits@D@std@@V?$allocator@D@2@@std@@@std@@PAX@std@@@std@@@std@@SAXAAV?$allocator@U?$_Tree_node@U?$pair@$$CBHV?$basic_string@DU?$char_traits@D@std@@V?$allocator@D@2@@std@@@std@@PAX@std@@@1@QAPAU?$_Tree_node@U?$pair@$$CBHV?$basic_string@DU?$char_traits@D@std@@V?$allocator@D@2@@std@@@std@@PAX@1@@Z 00406e50 f i datagram.obj
 0001:00005e60       ??$destroy@U?$pair@$$CBHV?$basic_string@DU?$char_traits@D@std@@V?$allocator@D@2@@std@@@std@@@?$_Default_allocator_traits@V?$allocator@U?$_Tree_node@U?$pair@$$CBHV?$basic_string@DU?$char_traits@D@std@@V?$allocator@D@2@@std@@@std@@PAX@std@@@std@@@std@@SAXAAV?$allocator@U?$_Tree_node@U?$pair@$$CBHV?$basic_string@DU?$char_traits@D@std@@V?$allocator@D@2@@std@@@std@@PAX@std@@@1@QAU?$pair@$$CBHV?$basic_string@DU?$char_traits@D@std@@V?$allocator@D@2@@std@@@1@@Z 00406e60 f i datagram.obj
 0001:00005e70       ??$emplace_hint@ABUpiecewise_construct_t@std@@V?$tuple@$$QAH@2@V?$tuple@$$V@2@@?$_Tree@V?$_Tmap_traits@HV?$basic_string@DU?$char_traits@D@std@@V?$allocator@D@2@@std@@U?$less@H@2@V?$allocator@U?$pair@$$CBHV?$basic_string@DU?$char_traits@D@std@@V?$allocator@D@2@@std@@@std@@@2@$0A@@std@@@std@@QAE?AV?$_Tree_iterator@V?$_Tree_val@U?$_Tree_simple_types@U?$pair@$$CBHV?$basic_string@DU?$char_traits@D@std@@V?$allocator@D@2@@std@@@std@@@std@@@std@@@1@V?$_Tree_const_iterator@V?$_Tree_val@U?$_Tree_simple_types@U?$pair@$$CBHV?$basic_string@DU?$char_traits@D@std@@V?$allocator@D@2@@std@@@std@@@std@@@std@@@1@ABUpiecewise_construct_t@1@$$QAV?$tuple@$$QAH@1@$$QAV?$tuple@$$V@1@@Z 00406e70 f i datagram.obj
 0001:00005f30       ??$forward@$$QAH@std@@YA$$QAHAAH@Z 00406f30 f i datagram.obj
 0001:00005f40       ??$forward@AAPAU?$_Tree_node@U?$pair@$$CBHV?$basic_string@DU?$char_traits@D@std@@V?$allocator@D@2@@std@@@std@@PAX@std@@@std@@YAAAPAU?$_Tree_node@U?$pair@$$CBHV?$basic_string@DU?$char_traits@D@std@@V?$allocator@D@2@@std@@@std@@PAX@0@AAPAU10@@Z 00406f40 f i datagram.obj
 0001:00005f50       ??$forward@AAPAV_Facet_base@std@@@std@@YAAAPAV_Facet_base@0@AAPAV10@@Z 00406f50 f i datagram.obj
 0001:00005f60       ??$forward@AAU?$pair@$$CBHV?$basic_string@DU?$char_traits@D@std@@V?$allocator@D@2@@std@@@std@@@std@@YAAAU?$pair@$$CBHV?$basic_string@DU?$char_traits@D@std@@V?$allocator@D@2@@std@@@0@AAU10@@Z 00406f60 f i datagram.obj
 0001:00005f70       ??$forward@AAV?$_Tree_iterator@V?$_Tree_val@U?$_Tree_simple_types@U?$pair@$$CBHV?$basic_string@DU?$char_traits@D@std@@V?$allocator@D@2@@std@@@std@@@std@@@std@@@std@@@std@@YAAAV?$_Tree_iterator@V?$_Tree_val@U?$_Tree_simple_types@U?$pair@$$CBHV?$basic_string@DU?$char_traits@D@std@@V?$allocator@D@2@@std@@@std@@@std@@@std@@@0@AAV10@@Z 00406f70 f i datagram.obj
 0001:00005f80       ??$forward@ABQAD@std@@YAABQADABQAD@Z 00406f80 f i datagram.obj
 0001:00005f90       ??$forward@ABU?$less@H@std@@@std@@YAABU?$less@H@0@ABU10@@Z 00406f90 f i datagram.obj
 0001:00005fa0       ??$forward@ABUpiecewise_construct_t@std@@@std@@YAABUpiecewise_construct_t@0@ABU10@@Z 00406fa0 f i datagram.obj
 0001:00005fb0       ??$forward@ABV?$allocator@D@std@@@std@@YAABV?$allocator@D@0@ABV10@@Z 00406fb0 f i datagram.obj
 0001:00005fc0       ??$forward@H@std@@YA$$QAHAAH@Z 00406fc0 f i datagram.obj
 0001:00005fd0       ??$forward@U_Zero_then_variadic_args_t@std@@@std@@YA$$QAU_Zero_then_variadic_args_t@0@AAU10@@Z 00406fd0 f i datagram.obj
 0001:00005fe0       ??$forward@V?$_Tree_iterator@V?$_Tree_val@U?$_Tree_simple_types@U?$pair@$$CBHV?$basic_string@DU?$char_traits@D@std@@V?$allocator@D@2@@std@@@std@@@std@@@std@@@std@@@std@@YA$$QAV?$_Tree_iterator@V?$_Tree_val@U?$_Tree_simple_types@U?$pair@$$CBHV?$basic_string@DU?$char_traits@D@std@@V?$allocator@D@2@@std@@@std@@@std@@@std@@@0@AAV10@@Z 00406fe0 f i datagram.obj
 0001:00005ff0       ??$forward@V?$allocator@D@std@@@std@@YA$$QAV?$allocator@D@0@AAV10@@Z 00406ff0 f i datagram.obj
 0001:00006000       ??$forward@V?$tuple@$$QAH@std@@@std@@YA$$QAV?$tuple@$$QAH@0@AAV10@@Z 00407000 f i datagram.obj
 0001:00006010       ??$forward@V?$tuple@$$V@std@@@std@@YA$$QAV?$tuple@$$V@0@AAV10@@Z 00407010 f i datagram.obj
 0001:00006020       ??$forward@_N@std@@YA$$QA_NAA_N@Z 00407020 f i datagram.obj
 0001:00006030       ??$forward_as_tuple@$$V@std@@YA?AV?$tuple@$$V@0@XZ 00407030 f i datagram.obj
 0001:00006040       ??$forward_as_tuple@H@std@@YA?AV?$tuple@$$QAH@0@$$QAH@Z 00407040 f i datagram.obj
 0001:00006090       ??$get@$0A@$$QAH@std@@YA$$QAH$$QAV?$tuple@$$QAH@0@@Z 00407090 f i datagram.obj
 0001:000060b0       ??$move@AAD@std@@YA$$QADAAD@Z 004070b0 f i datagram.obj
 0001:000060c0       ??$move@AAH@std@@YA$$QAHAAH@Z 004070c0 f i datagram.obj
 0001:000060d0       ??$move@AAV?$allocator@D@std@@@std@@YA$$QAV?$allocator@D@0@AAV10@@Z 004070d0 f i datagram.obj
 0001:000060e0       ??$move@AAV?$basic_istream@DU?$char_traits@D@std@@@std@@@std@@YA$$QAV?$basic_istream@DU?$char_traits@D@std@@@0@AAV10@@Z 004070e0 f i datagram.obj
 0001:000060f0       ??$move@AAV?$basic_string@DU?$char_traits@D@std@@V?$allocator@D@2@@std@@@std@@YA$$QAV?$basic_string@DU?$char_traits@D@std@@V?$allocator@D@2@@0@AAV10@@Z 004070f0 f i datagram.obj
 0001:00006100       ??$move@AAV?$tuple@$$QAH@std@@@std@@YA$$QAV?$tuple@$$QAH@0@AAV10@@Z 00407100 f i datagram.obj
 0001:00006110       ??$swap@DX@std@@YAXAAD0@Z  00407110 f i datagram.obj
 0001:00006150       ??$try_emplace@$$V@?$map@HV?$basic_string@DU?$char_traits@D@std@@V?$allocator@D@2@@std@@U?$less@H@2@V?$allocator@U?$pair@$$CBHV?$basic_string@DU?$char_traits@D@std@@V?$allocator@D@2@@std@@@std@@@2@@std@@QAE?AU?$pair@V?$_Tree_iterator@V?$_Tree_val@U?$_Tree_simple_types@U?$pair@$$CBHV?$basic_string@DU?$char_traits@D@std@@V?$allocator@D@2@@std@@@std@@@std@@@std@@@std@@_N@1@$$QAH@Z 00407150 f i datagram.obj
 0001:00006190       ??$use_facet@V?$ctype@D@std@@@std@@YAABV?$ctype@D@0@ABVlocale@0@@Z 00407190 f i datagram.obj
 0001:000062c0       ??0?$_String_alloc@U?$_String_base_types@DV?$allocator@D@std@@@std@@@std@@QAE@XZ 004072c0 f i datagram.obj
 0001:00006320       ??0?$_String_val@U?$_Simple_types@D@std@@@std@@QAE@XZ 00407320 f i datagram.obj
 0001:00006360       ??0?$_Tree@V?$_Tmap_traits@HV?$basic_string@DU?$char_traits@D@std@@V?$allocator@D@2@@std@@U?$less@H@2@V?$allocator@U?$pair@$$CBHV?$basic_string@DU?$char_traits@D@std@@V?$allocator@D@2@@std@@@std@@@2@$0A@@std@@@std@@QAE@ABU?$less@H@1@@Z 00407360 f i datagram.obj
 0001:00006380       ??0?$_Tree_comp_alloc@V?$_Tmap_traits@HV?$basic_string@DU?$char_traits@D@std@@V?$allocator@D@2@@std@@U?$less@H@2@V?$allocator@U?$pair@$$CBHV?$basic_string@DU?$char_traits@D@std@@V?$allocator@D@2@@std@@@std@@@2@$0A@@std@@@std@@QAE@ABU?$less@H@1@@Z 00407380 f i datagram.obj
 0001:000063b0       ??0?$_Tree_const_iterator@V?$_Tree_val@U?$_Tree_simple_types@U?$pair@$$CBHV?$basic_string@DU?$char_traits@D@std@@V?$allocator@D@2@@std@@@std@@@std@@@std@@@std@@QAE@$$QAV01@@Z 004073b0 f i datagram.obj
 0001:000063d0       ??0?$_Tree_const_iterator@V?$_Tree_val@U?$_Tree_simple_types@U?$pair@$$CBHV?$basic_string@DU?$char_traits@D@std@@V?$allocator@D@2@@std@@@std@@@std@@@std@@@std@@QAE@ABV01@@Z 004073d0 f i datagram.obj
 0001:000063f0       ??0?$_Tree_const_iterator@V?$_Tree_val@U?$_Tree_simple_types@U?$pair@$$CBHV?$basic_string@DU?$char_traits@D@std@@V?$allocator@D@2@@std@@@std@@@std@@@std@@@std@@QAE@PAU?$_Tree_node@U?$pair@$$CBHV?$basic_string@DU?$char_traits@D@std@@V?$allocator@D@2@@std@@@std@@PAX@1@PBV?$_Tree_val@U?$_Tree_simple_types@U?$pair@$$CBHV?$basic_string@DU?$char_traits@D@std@@V?$allocator@D@2@@std@@@std@@@std@@@1@@Z 004073f0 f i datagram.obj
 0001:00006410       ??0?$_Tree_const_iterator@V?$_Tree_val@U?$_Tree_simple_types@U?$pair@$$CBHV?$basic_string@DU?$char_traits@D@std@@V?$allocator@D@2@@std@@@std@@@std@@@std@@@std@@QAE@XZ 00407410 f i datagram.obj
 0001:00006430       ??0?$_Tree_iterator@V?$_Tree_val@U?$_Tree_simple_types@U?$pair@$$CBHV?$basic_string@DU?$char_traits@D@std@@V?$allocator@D@2@@std@@@std@@@std@@@std@@@std@@QAE@$$QAV01@@Z 00407430 f i datagram.obj
 0001:00006450       ??0?$_Tree_iterator@V?$_Tree_val@U?$_Tree_simple_types@U?$pair@$$CBHV?$basic_string@DU?$char_traits@D@std@@V?$allocator@D@2@@std@@@std@@@std@@@std@@@std@@QAE@ABV01@@Z 00407450 f i datagram.obj
 0001:00006470       ??0?$_Tree_iterator@V?$_Tree_val@U?$_Tree_simple_types@U?$pair@$$CBHV?$basic_string@DU?$char_traits@D@std@@V?$allocator@D@2@@std@@@std@@@std@@@std@@@std@@QAE@PAU?$_Tree_node@U?$pair@$$CBHV?$basic_string@DU?$char_traits@D@std@@V?$allocator@D@2@@std@@@std@@PAX@1@PBV?$_Tree_val@U?$_Tree_simple_types@U?$pair@$$CBHV?$basic_string@DU?$char_traits@D@std@@V?$allocator@D@2@@std@@@std@@@std@@@1@@Z 00407470 f i datagram.obj
 0001:00006490       ??0?$_Tree_unchecked_const_iterator@V?$_Tree_val@U?$_Tree_simple_types@U?$pair@$$CBHV?$basic_string@DU?$char_traits@D@std@@V?$allocator@D@2@@std@@@std@@@std@@@std@@U_Iterator_base12@2@@std@@QAE@$$QAV01@@Z 00407490 f i datagram.obj
 0001:000064c0       ??0?$_Tree_unchecked_const_iterator@V?$_Tree_val@U?$_Tree_simple_types@U?$pair@$$CBHV?$basic_string@DU?$char_traits@D@std@@V?$allocator@D@2@@std@@@std@@@std@@@std@@U_Iterator_base12@2@@std@@QAE@ABV01@@Z 004074c0 f i datagram.obj
 0001:000064f0       ??0?$_Tree_unchecked_const_iterator@V?$_Tree_val@U?$_Tree_simple_types@U?$pair@$$CBHV?$basic_string@DU?$char_traits@D@std@@V?$allocator@D@2@@std@@@std@@@std@@@std@@U_Iterator_base12@2@@std@@QAE@PAU?$_Tree_node@U?$pair@$$CBHV?$basic_string@DU?$char_traits@D@std@@V?$allocator@D@2@@std@@@std@@PAX@1@PBV?$_Tree_val@U?$_Tree_simple_types@U?$pair@$$CBHV?$basic_string@DU?$char_traits@D@std@@V?$allocator@D@2@@std@@@std@@@std@@@1@@Z 004074f0 f i datagram.obj
 0001:00006520       ??0?$_Tree_unchecked_const_iterator@V?$_Tree_val@U?$_Tree_simple_types@U?$pair@$$CBHV?$basic_string@DU?$char_traits@D@std@@V?$allocator@D@2@@std@@@std@@@std@@@std@@U_Iterator_base12@2@@std@@QAE@XZ 00407520 f i datagram.obj
 0001:00006540       ??0?$_Tree_val@U?$_Tree_simple_types@U?$pair@$$CBHV?$basic_string@DU?$char_traits@D@std@@V?$allocator@D@2@@std@@@std@@@std@@@std@@QAE@XZ 00407540 f i datagram.obj
 0001:00006570       ??0?$allocator@D@std@@QAE@XZ 00407570 f i datagram.obj
 0001:00006580       ??0?$allocator@U?$_Tree_node@U?$pair@$$CBHV?$basic_string@DU?$char_traits@D@std@@V?$allocator@D@2@@std@@@std@@PAX@std@@@std@@QAE@XZ 00407580 f i datagram.obj
 0001:00006590       ??0?$basic_string@DU?$char_traits@D@std@@V?$allocator@D@2@@std@@QAE@$$QAV01@@Z 00407590 f i datagram.obj
 0001:00006610       ??0?$basic_string@DU?$char_traits@D@std@@V?$allocator@D@2@@std@@QAE@ABV01@@Z 00407610 f i datagram.obj
 0001:00006690       ??0?$basic_string@DU?$char_traits@D@std@@V?$allocator@D@2@@std@@QAE@ABV01@IIABV?$allocator@D@1@@Z 00407690 f i datagram.obj
 0001:00006700       ??0?$basic_string@DU?$char_traits@D@std@@V?$allocator@D@2@@std@@QAE@QBD@Z 00407700 f i datagram.obj
 0001:00006770       ??0?$basic_string@DU?$char_traits@D@std@@V?$allocator@D@2@@std@@QAE@QBDI@Z 00407770 f i datagram.obj
 0001:000067e0       ??0?$basic_string@DU?$char_traits@D@std@@V?$allocator@D@2@@std@@QAE@XZ 004077e0 f i datagram.obj
 0001:00006830       ??0?$basic_stringbuf@DU?$char_traits@D@std@@V?$allocator@D@2@@std@@QAE@H@Z 00407830 f i datagram.obj
 0001:000068b0       ??0?$basic_stringstream@DU?$char_traits@D@std@@V?$allocator@D@2@@std@@QAE@H@Z 004078b0 f i datagram.obj
 0001:00006990       ??0?$fpos@U_Mbstatet@@@std@@QAE@_J@Z 00407990 f i datagram.obj
 0001:000069d0       ??0?$map@HV?$basic_string@DU?$char_traits@D@std@@V?$allocator@D@2@@std@@U?$less@H@2@V?$allocator@U?$pair@$$CBHV?$basic_string@DU?$char_traits@D@std@@V?$allocator@D@2@@std@@@std@@@2@@std@@QAE@XZ 004079d0 f i datagram.obj
 0001:000069f0       ??0?$tuple@$$QAH@std@@QAE@$$QAV01@@Z 004079f0 f i datagram.obj
 0001:00006a20       ??0?$tuple@$$V@std@@QAE@ABV01@@Z 00407a20 f i datagram.obj
 0001:00006a30       ??0?$tuple@$$V@std@@QAE@XZ 00407a30 f i datagram.obj
 0001:00006a40       ??0_Bxty@?$_String_val@U?$_Simple_types@D@std@@@std@@QAE@XZ 00407a40 f i datagram.obj
 0001:00006a50       ??0_Iterator_base12@std@@QAE@ABU01@@Z 00407a50 f i datagram.obj
 0001:00006a80       ??0_Iterator_base12@std@@QAE@XZ 00407a80 f i datagram.obj
 0001:00006ab0       ??0_Sentry_base@?$basic_istream@DU?$char_traits@D@std@@@std@@QAE@AAV12@@Z 00407ab0 f i datagram.obj
 0001:00006b10       ??0bad_cast@std@@QAE@ABV01@@Z 00407b10 f i datagram.obj
 0001:00006b40       ??0bad_cast@std@@QAE@XZ    00407b40 f i datagram.obj
 0001:00006b70       ??0exception@std@@QAE@ABV01@@Z 00407b70 f i datagram.obj
 0001:00006bb0       ??0exception@std@@QAE@QBDH@Z 00407bb0 f i datagram.obj
 0001:00006be0       ??0sentry@?$basic_istream@DU?$char_traits@D@std@@@std@@QAE@AAV12@_N@Z 00407be0 f i datagram.obj
 0001:00006c50       ??1?$_Compressed_pair@V?$allocator@D@std@@V?$_String_val@U?$_Simple_types@D@std@@@2@$00@std@@QAE@XZ 00407c50 f i datagram.obj
 0001:00006c70       ??1?$_String_alloc@U?$_String_base_types@DV?$allocator@D@std@@@std@@@std@@QAE@XZ 00407c70 f i datagram.obj
 0001:00006cc0       ??1?$_String_val@U?$_Simple_types@D@std@@@std@@QAE@XZ 00407cc0 f i datagram.obj
 0001:00006ce0       ??1?$_Tree@V?$_Tmap_traits@HV?$basic_string@DU?$char_traits@D@std@@V?$allocator@D@2@@std@@U?$less@H@2@V?$allocator@U?$pair@$$CBHV?$basic_string@DU?$char_traits@D@std@@V?$allocator@D@2@@std@@@std@@@2@$0A@@std@@@std@@QAE@XZ 00407ce0 f i datagram.obj
 0001:00006d30       ??1?$_Tree_comp_alloc@V?$_Tmap_traits@HV?$basic_string@DU?$char_traits@D@std@@V?$allocator@D@2@@std@@U?$less@H@2@V?$allocator@U?$pair@$$CBHV?$basic_string@DU?$char_traits@D@std@@V?$allocator@D@2@@std@@@std@@@2@$0A@@std@@@std@@QAE@XZ 00407d30 f i datagram.obj
 0001:00006d90       ??1?$_Tree_const_iterator@V?$_Tree_val@U?$_Tree_simple_types@U?$pair@$$CBHV?$basic_string@DU?$char_traits@D@std@@V?$allocator@D@2@@std@@@std@@@std@@@std@@@std@@QAE@XZ 00407d90 f i datagram.obj
 0001:00006db0       ??1?$_Tree_iterator@V?$_Tree_val@U?$_Tree_simple_types@U?$pair@$$CBHV?$basic_string@DU?$char_traits@D@std@@V?$allocator@D@2@@std@@@std@@@std@@@std@@@std@@QAE@XZ 00407db0 f i datagram.obj
 0001:00006dd0       ??1?$_Tree_unchecked_const_iterator@V?$_Tree_val@U?$_Tree_simple_types@U?$pair@$$CBHV?$basic_string@DU?$char_traits@D@std@@V?$allocator@D@2@@std@@@std@@@std@@@std@@U_Iterator_base12@2@@std@@QAE@XZ 00407dd0 f i datagram.obj
 0001:00006df0       ??1?$basic_string@DU?$char_traits@D@std@@V?$allocator@D@2@@std@@QAE@XZ 00407df0 f i datagram.obj
 0001:00006e40       ??1?$basic_stringbuf@DU?$char_traits@D@std@@V?$allocator@D@2@@std@@UAE@XZ 00407e40 f i datagram.obj
 0001:00006e90       ??1?$basic_stringstream@DU?$char_traits@D@std@@V?$allocator@D@2@@std@@UAE@XZ 00407e90 f i datagram.obj
 0001:00006ef0       ??1?$map@HV?$basic_string@DU?$char_traits@D@std@@V?$allocator@D@2@@std@@U?$less@H@2@V?$allocator@U?$pair@$$CBHV?$basic_string@DU?$char_traits@D@std@@V?$allocator@D@2@@std@@@std@@@2@@std@@QAE@XZ 00407ef0 f i datagram.obj
 0001:00006f10       ??1?$pair@$$CBHV?$basic_string@DU?$char_traits@D@std@@V?$allocator@D@2@@std@@@std@@QAE@XZ 00407f10 f i datagram.obj
 0001:00006f30       ??1?$pair@V?$_Tree_iterator@V?$_Tree_val@U?$_Tree_simple_types@U?$pair@$$CBHV?$basic_string@DU?$char_traits@D@std@@V?$allocator@D@2@@std@@@std@@@std@@@std@@@std@@_N@std@@QAE@XZ 00407f30 f i datagram.obj
 0001:00006f50       ??1?$unique_ptr@V_Facet_base@std@@U?$default_delete@V_Facet_base@std@@@2@@std@@QAE@XZ 00407f50 f i datagram.obj
 0001:00006f80       ??1_Bxty@?$_String_val@U?$_Simple_types@D@std@@@std@@QAE@XZ 00407f80 f i datagram.obj
 0001:00006f90       ??1_Iterator_base12@std@@QAE@XZ 00407f90 f i datagram.obj
 0001:00006ff0       ??1_Sentry_base@?$basic_istream@DU?$char_traits@D@std@@@std@@QAE@XZ 00407ff0 f i datagram.obj
 0001:00007070       ??1bad_cast@std@@UAE@XZ    00408070 f i datagram.obj
 0001:00007090       ??1exception@std@@UAE@XZ   00408090 f i datagram.obj
 0001:000070c0       ??1locale@std@@QAE@XZ      004080c0 f i datagram.obj
 0001:00007140       ??1sentry@?$basic_istream@DU?$char_traits@D@std@@@std@@QAE@XZ 00408140 f i datagram.obj
 0001:00007160       ??4?$_Tree_const_iterator@V?$_Tree_val@U?$_Tree_simple_types@U?$pair@$$CBHV?$basic_string@DU?$char_traits@D@std@@V?$allocator@D@2@@std@@@std@@@std@@@std@@@std@@QAEAAV01@ABV01@@Z 00408160 f i datagram.obj
 0001:00007180       ??4?$_Tree_unchecked_const_iterator@V?$_Tree_val@U?$_Tree_simple_types@U?$pair@$$CBHV?$basic_string@DU?$char_traits@D@std@@V?$allocator@D@2@@std@@@std@@@std@@@std@@U_Iterator_base12@2@@std@@QAEAAV01@ABV01@@Z 00408180 f i datagram.obj
 0001:000071b0       ??4?$basic_string@DU?$char_traits@D@std@@V?$allocator@D@2@@std@@QAEAAV01@$$QAV01@@Z 004081b0 f i datagram.obj
 0001:00007240       ??4?$basic_string@DU?$char_traits@D@std@@V?$allocator@D@2@@std@@QAEAAV01@QBD@Z 00408240 f i datagram.obj
 0001:00007260       ??4_Iterator_base12@std@@QAEAAU01@ABU01@@Z 00408260 f i datagram.obj
 0001:000072e0       ??8?$_Tree_const_iterator@V?$_Tree_val@U?$_Tree_simple_types@U?$pair@$$CBHV?$basic_string@DU?$char_traits@D@std@@V?$allocator@D@2@@std@@@std@@@std@@@std@@@std@@QBE_NABV01@@Z 004082e0 f i datagram.obj
 0001:00007360       ??9?$_Tree_const_iterator@V?$_Tree_val@U?$_Tree_simple_types@U?$pair@$$CBHV?$basic_string@DU?$char_traits@D@std@@V?$allocator@D@2@@std@@@std@@@std@@@std@@@std@@QBE_NABV01@@Z 00408360 f i datagram.obj
 0001:000073a0       ??A?$XsArrayImpl@E$1?g_xsByteArrayDescriptor@@3UXsArrayDescriptor@@BUXsByteArray@@@@QBEAAEI@Z 004083a0 f i datagram.obj
 0001:000073c0       ??A?$map@HV?$basic_string@DU?$char_traits@D@std@@V?$allocator@D@2@@std@@U?$less@H@2@V?$allocator@U?$pair@$$CBHV?$basic_string@DU?$char_traits@D@std@@V?$allocator@D@2@@std@@@std@@@2@@std@@QAEAAV?$basic_string@DU?$char_traits@D@std@@V?$allocator@D@2@@1@$$QAH@Z 004083c0 f i datagram.obj
 0001:00007450       ??B?$fpos@U_Mbstatet@@@std@@QBE_JXZ 00408450 f i datagram.obj
 0001:00007480       ??Bsentry@?$basic_istream@DU?$char_traits@D@std@@@std@@QBE_NXZ 00408480 f i datagram.obj
 0001:000074a0       ??C?$_Tree_const_iterator@V?$_Tree_val@U?$_Tree_simple_types@U?$pair@$$CBHV?$basic_string@DU?$char_traits@D@std@@V?$allocator@D@2@@std@@@std@@@std@@@std@@@std@@QBEPBU?$pair@$$CBHV?$basic_string@DU?$char_traits@D@std@@V?$allocator@D@2@@std@@@1@XZ 004084a0 f i datagram.obj
 0001:000074c0       ??C?$_Tree_iterator@V?$_Tree_val@U?$_Tree_simple_types@U?$pair@$$CBHV?$basic_string@DU?$char_traits@D@std@@V?$allocator@D@2@@std@@@std@@@std@@@std@@@std@@QBEPAU?$pair@$$CBHV?$basic_string@DU?$char_traits@D@std@@V?$allocator@D@2@@std@@@1@XZ 004084c0 f i datagram.obj
 0001:000074e0       ??D?$_Tree_const_iterator@V?$_Tree_val@U?$_Tree_simple_types@U?$pair@$$CBHV?$basic_string@DU?$char_traits@D@std@@V?$allocator@D@2@@std@@@std@@@std@@@std@@@std@@QBEABU?$pair@$$CBHV?$basic_string@DU?$char_traits@D@std@@V?$allocator@D@2@@std@@@1@XZ 004084e0 f i datagram.obj
 0001:00007560       ??D?$_Tree_iterator@V?$_Tree_val@U?$_Tree_simple_types@U?$pair@$$CBHV?$basic_string@DU?$char_traits@D@std@@V?$allocator@D@2@@std@@@std@@@std@@@std@@@std@@QBEAAU?$pair@$$CBHV?$basic_string@DU?$char_traits@D@std@@V?$allocator@D@2@@std@@@1@XZ 00408560 f i datagram.obj
 0001:00007580       ??E?$_Tree_const_iterator@V?$_Tree_val@U?$_Tree_simple_types@U?$pair@$$CBHV?$basic_string@DU?$char_traits@D@std@@V?$allocator@D@2@@std@@@std@@@std@@@std@@@std@@QAE?AV01@H@Z 00408580 f i datagram.obj
 0001:00007610       ??E?$_Tree_const_iterator@V?$_Tree_val@U?$_Tree_simple_types@U?$pair@$$CBHV?$basic_string@DU?$char_traits@D@std@@V?$allocator@D@2@@std@@@std@@@std@@@std@@@std@@QAEAAV01@XZ 00408610 f i datagram.obj
 0001:00007680       ??E?$_Tree_unchecked_const_iterator@V?$_Tree_val@U?$_Tree_simple_types@U?$pair@$$CBHV?$basic_string@DU?$char_traits@D@std@@V?$allocator@D@2@@std@@@std@@@std@@@std@@U_Iterator_base12@2@@std@@QAEAAV01@XZ 00408680 f i datagram.obj
 0001:00007710       ??F?$_Tree_const_iterator@V?$_Tree_val@U?$_Tree_simple_types@U?$pair@$$CBHV?$basic_string@DU?$char_traits@D@std@@V?$allocator@D@2@@std@@@std@@@std@@@std@@@std@@QAEAAV01@XZ 00408710 f i datagram.obj
 0001:000077c0       ??F?$_Tree_iterator@V?$_Tree_val@U?$_Tree_simple_types@U?$pair@$$CBHV?$basic_string@DU?$char_traits@D@std@@V?$allocator@D@2@@std@@@std@@@std@@@std@@@std@@QAEAAV01@XZ 004087c0 f i datagram.obj
 0001:000077e0       ??F?$_Tree_unchecked_const_iterator@V?$_Tree_val@U?$_Tree_simple_types@U?$pair@$$CBHV?$basic_string@DU?$char_traits@D@std@@V?$allocator@D@2@@std@@@std@@@std@@@std@@U_Iterator_base12@2@@std@@QAEAAV01@XZ 004087e0 f i datagram.obj
 0001:00007980       ??R?$default_delete@V_Facet_base@std@@@std@@QBEXPAV_Facet_base@1@@Z 00408980 f i datagram.obj
 0001:000079c0       ??R?$less@H@std@@QBE_NABH0@Z 004089c0 f i datagram.obj
 0001:000079f0       ??_D?$basic_stringstream@DU?$char_traits@D@std@@V?$allocator@D@2@@std@@QAEXXZ 004089f0 f i datagram.obj
 0001:00007a12       ??_E?$basic_stringstream@DU?$char_traits@D@std@@V?$allocator@D@2@@std@@$4PPPPPPPM@A@AEPAXI@Z 00408a12 f i datagram.obj
 0001:00007a20       ??_G?$basic_stringbuf@DU?$char_traits@D@std@@V?$allocator@D@2@@std@@UAEPAXI@Z 00408a20 f i datagram.obj
 0001:00007a20       ??_E?$basic_stringbuf@DU?$char_traits@D@std@@V?$allocator@D@2@@std@@UAEPAXI@Z 00408a20 f i datagram.obj
 0001:00007a50       ??_G?$basic_stringstream@DU?$char_traits@D@std@@V?$allocator@D@2@@std@@UAEPAXI@Z 00408a50 f i datagram.obj
 0001:00007a50       ??_E?$basic_stringstream@DU?$char_traits@D@std@@V?$allocator@D@2@@std@@UAEPAXI@Z 00408a50 f i datagram.obj
 0001:00007a90       ??_G?$pair@$$CBHV?$basic_string@DU?$char_traits@D@std@@V?$allocator@D@2@@std@@@std@@QAEPAXI@Z 00408a90 f i datagram.obj
 0001:00007ac0       ??_Gbad_cast@std@@UAEPAXI@Z 00408ac0 f i datagram.obj
 0001:00007ac0       ??_Ebad_cast@std@@UAEPAXI@Z 00408ac0 f i datagram.obj
 0001:00007af0       ??_Eexception@std@@UAEPAXI@Z 00408af0 f i datagram.obj
 0001:00007af0       ??_Gexception@std@@UAEPAXI@Z 00408af0 f i datagram.obj
 0001:00007b20       ?_Adopt@_Iterator_base12@std@@QAEXPBU_Container_base12@2@@Z 00408b20 f i datagram.obj
 0001:00007bd0       ?_Alloc_proxy@?$_String_alloc@U?$_String_base_types@DV?$allocator@D@std@@@std@@@std@@QAEXXZ 00408bd0 f i datagram.obj
 0001:00007c50       ?_Alloc_proxy@?$_Tree_comp_alloc@V?$_Tmap_traits@HV?$basic_string@DU?$char_traits@D@std@@V?$allocator@D@2@@std@@U?$less@H@2@V?$allocator@U?$pair@$$CBHV?$basic_string@DU?$char_traits@D@std@@V?$allocator@D@2@@std@@@std@@@2@$0A@@std@@@std@@QAEXXZ 00408c50 f i datagram.obj
 0001:00007cd0       ?_Assign_rv_contents@?$basic_string@DU?$char_traits@D@std@@V?$allocator@D@2@@std@@QAEX$$QAV12@U?$integral_constant@_N$00@2@@Z 00408cd0 f i datagram.obj
 0001:00007d00       ?_Assign_rv_contents_with_alloc_always_equal@?$basic_string@DU?$char_traits@D@std@@V?$allocator@D@2@@std@@QAEX$$QAV12@U?$integral_constant@_N$00@2@@Z 00408d00 f i datagram.obj
 0001:00007db0       ?_Buyheadnode@?$_Tree_comp_alloc@V?$_Tmap_traits@HV?$basic_string@DU?$char_traits@D@std@@V?$allocator@D@2@@std@@U?$less@H@2@V?$allocator@U?$pair@$$CBHV?$basic_string@DU?$char_traits@D@std@@V?$allocator@D@2@@std@@@std@@@2@$0A@@std@@@std@@QAEPAU?$_Tree_node@U?$pair@$$CBHV?$basic_string@DU?$char_traits@D@std@@V?$allocator@D@2@@std@@@std@@PAX@2@XZ 00408db0 f i datagram.obj
 0001:00007eb0       ?_Buynode0@?$_Tree_comp_alloc@V?$_Tmap_traits@HV?$basic_string@DU?$char_traits@D@std@@V?$allocator@D@2@@std@@U?$less@H@2@V?$allocator@U?$pair@$$CBHV?$basic_string@DU?$char_traits@D@std@@V?$allocator@D@2@@std@@@std@@@2@$0A@@std@@@std@@QAEPAU?$_Tree_node@U?$pair@$$CBHV?$basic_string@DU?$char_traits@D@std@@V?$allocator@D@2@@std@@@std@@PAX@2@XZ 00408eb0 f i datagram.obj
 0001:00007fc0       ?_Calculate_growth@?$basic_string@DU?$char_traits@D@std@@V?$allocator@D@2@@std@@QBEII@Z 00408fc0 f i datagram.obj
 0001:00008040       ?_Check_offset@?$_String_val@U?$_Simple_types@D@std@@@std@@QBEXI@Z 00409040 f i datagram.obj
 0001:00008060       ?_Clamp_suffix_size@?$_String_val@U?$_Simple_types@D@std@@@std@@QBEIII@Z 00409060 f i datagram.obj
 0001:00008090       ?_Compare@?$_Tree@V?$_Tmap_traits@HV?$basic_string@DU?$char_traits@D@std@@V?$allocator@D@2@@std@@U?$less@H@2@V?$allocator@U?$pair@$$CBHV?$basic_string@DU?$char_traits@D@std@@V?$allocator@D@2@@std@@@std@@@2@$0A@@std@@@std@@IBE_NABH0@Z 00409090 f i datagram.obj
 0001:000080c0       ?_Construct@?$_Tree_comp_alloc@V?$_Tmap_traits@HV?$basic_string@DU?$char_traits@D@std@@V?$allocator@D@2@@std@@U?$less@H@2@V?$allocator@U?$pair@$$CBHV?$basic_string@DU?$char_traits@D@std@@V?$allocator@D@2@@std@@@std@@@2@$0A@@std@@@std@@QAEXXZ 004090c0 f i datagram.obj
 0001:00008160       ?_Construct_lv_contents@?$basic_string@DU?$char_traits@D@std@@V?$allocator@D@2@@std@@QAEXABV12@@Z 00409160 f i datagram.obj
 0001:00008270       ?_Destroy_if_node@?$_Tree@V?$_Tmap_traits@HV?$basic_string@DU?$char_traits@D@std@@V?$allocator@D@2@@std@@U?$less@H@2@V?$allocator@U?$pair@$$CBHV?$basic_string@DU?$char_traits@D@std@@V?$allocator@D@2@@std@@@std@@@2@$0A@@std@@@std@@IAEXPAU?$_Tree_node@U?$pair@$$CBHV?$basic_string@DU?$char_traits@D@std@@V?$allocator@D@2@@std@@@std@@PAX@2@@Z 00409270 f i datagram.obj
 0001:000082c0       ?_Eos@?$basic_string@DU?$char_traits@D@std@@V?$allocator@D@2@@std@@QAEXI@Z 004092c0 f i datagram.obj
 0001:00008300       ?_Erase@?$_Tree@V?$_Tmap_traits@HV?$basic_string@DU?$char_traits@D@std@@V?$allocator@D@2@@std@@U?$less@H@2@V?$allocator@U?$pair@$$CBHV?$basic_string@DU?$char_traits@D@std@@V?$allocator@D@2@@std@@@std@@@2@$0A@@std@@@std@@IAEXPAU?$_Tree_node@U?$pair@$$CBHV?$basic_string@DU?$char_traits@D@std@@V?$allocator@D@2@@std@@@std@@PAX@2@@Z 00409300 f i datagram.obj
 0001:00008380       ?_Extract@?$_Tree_val@U?$_Tree_simple_types@U?$pair@$$CBHV?$basic_string@DU?$char_traits@D@std@@V?$allocator@D@2@@std@@@std@@@std@@@std@@QAEPAU?$_Tree_node@U?$pair@$$CBHV?$basic_string@DU?$char_traits@D@std@@V?$allocator@D@2@@std@@@std@@PAX@2@V?$_Tree_const_iterator@V?$_Tree_val@U?$_Tree_simple_types@U?$pair@$$CBHV?$basic_string@DU?$char_traits@D@std@@V?$allocator@D@2@@std@@@std@@@std@@@std@@@2@@Z 00409380 f i datagram.obj
 0001:00008850       ?_Free_proxy@?$_String_alloc@U?$_String_base_types@DV?$allocator@D@std@@@std@@@std@@QAEXXZ 00409850 f i datagram.obj
 0001:000088c0       ?_Free_proxy@?$_Tree_comp_alloc@V?$_Tmap_traits@HV?$basic_string@DU?$char_traits@D@std@@V?$allocator@D@2@@std@@U?$less@H@2@V?$allocator@U?$pair@$$CBHV?$basic_string@DU?$char_traits@D@std@@V?$allocator@D@2@@std@@@std@@@2@$0A@@std@@@std@@QAEXXZ 004098c0 f i datagram.obj
 0001:00008930       ?_Freeheadnode@?$_Tree_comp_alloc@V?$_Tmap_traits@HV?$basic_string@DU?$char_traits@D@std@@V?$allocator@D@2@@std@@U?$less@H@2@V?$allocator@U?$pair@$$CBHV?$basic_string@DU?$char_traits@D@std@@V?$allocator@D@2@@std@@@std@@@2@$0A@@std@@@std@@QAEXPAU?$_Tree_node@U?$pair@$$CBHV?$basic_string@DU?$char_traits@D@std@@V?$allocator@D@2@@std@@@std@@PAX@2@@Z 00409930 f i datagram.obj
 0001:00008960       ?_Freenode0@?$_Tree_comp_alloc@V?$_Tmap_traits@HV?$basic_string@DU?$char_traits@D@std@@V?$allocator@D@2@@std@@U?$less@H@2@V?$allocator@U?$pair@$$CBHV?$basic_string@DU?$char_traits@D@std@@V?$allocator@D@2@@std@@@std@@@2@$0A@@std@@@std@@QAEXPAU?$_Tree_node@U?$pair@$$CBHV?$basic_string@DU?$char_traits@D@std@@V?$allocator@D@2@@std@@@std@@PAX@2@@Z 00409960 f i datagram.obj
 0001:00008990       ?_Get_data@?$_String_alloc@U?$_String_base_types@DV?$allocator@D@std@@@std@@@std@@QAEAAV?$_String_val@U?$_Simple_types@D@std@@@2@XZ 00409990 f i datagram.obj
 0001:000089b0       ?_Get_data@?$_String_alloc@U?$_String_base_types@DV?$allocator@D@std@@@std@@@std@@QBEABV?$_String_val@U?$_Simple_types@D@std@@@2@XZ 004099b0 f i datagram.obj
 0001:000089d0       ?_Get_data@?$_Tree_comp_alloc@V?$_Tmap_traits@HV?$basic_string@DU?$char_traits@D@std@@V?$allocator@D@2@@std@@U?$less@H@2@V?$allocator@U?$pair@$$CBHV?$basic_string@DU?$char_traits@D@std@@V?$allocator@D@2@@std@@@std@@@2@$0A@@std@@@std@@QAEAAV?$_Tree_val@U?$_Tree_simple_types@U?$pair@$$CBHV?$basic_string@DU?$char_traits@D@std@@V?$allocator@D@2@@std@@@std@@@std@@@2@XZ 004099d0 f i datagram.obj
 0001:000089f0       ?_Get_data@?$_Tree_comp_alloc@V?$_Tmap_traits@HV?$basic_string@DU?$char_traits@D@std@@V?$allocator@D@2@@std@@U?$less@H@2@V?$allocator@U?$pair@$$CBHV?$basic_string@DU?$char_traits@D@std@@V?$allocator@D@2@@std@@@std@@@2@$0A@@std@@@std@@QBEABV?$_Tree_val@U?$_Tree_simple_types@U?$pair@$$CBHV?$basic_string@DU?$char_traits@D@std@@V?$allocator@D@2@@std@@@std@@@std@@@2@XZ 004099f0 f i datagram.obj
 0001:00008a10       ?_Get_first@?$_Compressed_pair@U?$default_delete@V_Facet_base@std@@@std@@PAV_Facet_base@2@$00@std@@QAEAAU?$default_delete@V_Facet_base@std@@@2@XZ 00409a10 f i datagram.obj
 0001:00008a20       ?_Get_first@?$_Compressed_pair@U?$less@H@std@@V?$_Compressed_pair@V?$allocator@U?$_Tree_node@U?$pair@$$CBHV?$basic_string@DU?$char_traits@D@std@@V?$allocator@D@2@@std@@@std@@PAX@std@@@std@@V?$_Tree_val@U?$_Tree_simple_types@U?$pair@$$CBHV?$basic_string@DU?$char_traits@D@std@@V?$allocator@D@2@@std@@@std@@@std@@@2@$00@2@$00@std@@QAEAAU?$less@H@2@XZ 00409a20 f i datagram.obj
 0001:00008a30       ?_Get_first@?$_Compressed_pair@U?$less@H@std@@V?$_Compressed_pair@V?$allocator@U?$_Tree_node@U?$pair@$$CBHV?$basic_string@DU?$char_traits@D@std@@V?$allocator@D@2@@std@@@std@@PAX@std@@@std@@V?$_Tree_val@U?$_Tree_simple_types@U?$pair@$$CBHV?$basic_string@DU?$char_traits@D@std@@V?$allocator@D@2@@std@@@std@@@std@@@2@$00@2@$00@std@@QBEABU?$less@H@2@XZ 00409a30 f i datagram.obj
 0001:00008a40       ?_Get_first@?$_Compressed_pair@V?$allocator@D@std@@V?$_String_val@U?$_Simple_types@D@std@@@2@$00@std@@QAEAAV?$allocator@D@2@XZ 00409a40 f i datagram.obj
 0001:00008a50       ?_Get_first@?$_Compressed_pair@V?$allocator@D@std@@V?$_String_val@U?$_Simple_types@D@std@@@2@$00@std@@QBEABV?$allocator@D@2@XZ 00409a50 f i datagram.obj
 0001:00008a60       ?_Get_first@?$_Compressed_pair@V?$allocator@U?$_Tree_node@U?$pair@$$CBHV?$basic_string@DU?$char_traits@D@std@@V?$allocator@D@2@@std@@@std@@PAX@std@@@std@@V?$_Tree_val@U?$_Tree_simple_types@U?$pair@$$CBHV?$basic_string@DU?$char_traits@D@std@@V?$allocator@D@2@@std@@@std@@@std@@@2@$00@std@@QAEAAV?$allocator@U?$_Tree_node@U?$pair@$$CBHV?$basic_string@DU?$char_traits@D@std@@V?$allocator@D@2@@std@@@std@@PAX@std@@@2@XZ 00409a60 f i datagram.obj
 0001:00008a70       ?_Get_first@?$_Compressed_pair@V?$allocator@U?$_Tree_node@U?$pair@$$CBHV?$basic_string@DU?$char_traits@D@std@@V?$allocator@D@2@@std@@@std@@PAX@std@@@std@@V?$_Tree_val@U?$_Tree_simple_types@U?$pair@$$CBHV?$basic_string@DU?$char_traits@D@std@@V?$allocator@D@2@@std@@@std@@@std@@@2@$00@std@@QBEABV?$allocator@U?$_Tree_node@U?$pair@$$CBHV?$basic_string@DU?$char_traits@D@std@@V?$allocator@D@2@@std@@@std@@PAX@std@@@2@XZ 00409a70 f i datagram.obj
 0001:00008a80       ?_Get_second@?$_Compressed_pair@U?$default_delete@V_Facet_base@std@@@std@@PAV_Facet_base@2@$00@std@@QAEAAPAV_Facet_base@2@XZ 00409a80 f i datagram.obj
 0001:00008a90       ?_Get_second@?$_Compressed_pair@U?$default_delete@V_Facet_base@std@@@std@@PAV_Facet_base@2@$00@std@@QBEABQAV_Facet_base@2@XZ 00409a90 f i datagram.obj
 0001:00008aa0       ?_Get_second@?$_Compressed_pair@U?$less@H@std@@V?$_Compressed_pair@V?$allocator@U?$_Tree_node@U?$pair@$$CBHV?$basic_string@DU?$char_traits@D@std@@V?$allocator@D@2@@std@@@std@@PAX@std@@@std@@V?$_Tree_val@U?$_Tree_simple_types@U?$pair@$$CBHV?$basic_string@DU?$char_traits@D@std@@V?$allocator@D@2@@std@@@std@@@std@@@2@$00@2@$00@std@@QAEAAV?$_Compressed_pair@V?$allocator@U?$_Tree_node@U?$pair@$$CBHV?$basic_string@DU?$char_traits@D@std@@V?$allocator@D@2@@std@@@std@@PAX@std@@@std@@V?$_Tree_val@U?$_Tree_simple_types@U?$pair@$$CBHV?$basic_string@DU?$char_traits@D@std@@V?$allocator@D@2@@std@@@std@@@std@@@2@$00@2@XZ 00409aa0 f i datagram.obj
 0001:00008ab0       ?_Get_second@?$_Compressed_pair@U?$less@H@std@@V?$_Compressed_pair@V?$allocator@U?$_Tree_node@U?$pair@$$CBHV?$basic_string@DU?$char_traits@D@std@@V?$allocator@D@2@@std@@@std@@PAX@std@@@std@@V?$_Tree_val@U?$_Tree_simple_types@U?$pair@$$CBHV?$basic_string@DU?$char_traits@D@std@@V?$allocator@D@2@@std@@@std@@@std@@@2@$00@2@$00@std@@QBEABV?$_Compressed_pair@V?$allocator@U?$_Tree_node@U?$pair@$$CBHV?$basic_string@DU?$char_traits@D@std@@V?$allocator@D@2@@std@@@std@@PAX@std@@@std@@V?$_Tree_val@U?$_Tree_simple_types@U?$pair@$$CBHV?$basic_string@DU?$char_traits@D@std@@V?$allocator@D@2@@std@@@std@@@std@@@2@$00@2@XZ 00409ab0 f i datagram.obj
 0001:00008ac0       ?_Get_second@?$_Compressed_pair@V?$allocator@D@std@@V?$_String_val@U?$_Simple_types@D@std@@@2@$00@std@@QAEAAV?$_String_val@U?$_Simple_types@D@std@@@2@XZ 00409ac0 f i datagram.obj
 0001:00008ad0       ?_Get_second@?$_Compressed_pair@V?$allocator@D@std@@V?$_String_val@U?$_Simple_types@D@std@@@2@$00@std@@QBEABV?$_String_val@U?$_Simple_types@D@std@@@2@XZ 00409ad0 f i datagram.obj
 0001:00008ae0       ?_Get_second@?$_Compressed_pair@V?$allocator@U?$_Tree_node@U?$pair@$$CBHV?$basic_string@DU?$char_traits@D@std@@V?$allocator@D@2@@std@@@std@@PAX@std@@@std@@V?$_Tree_val@U?$_Tree_simple_types@U?$pair@$$CBHV?$basic_string@DU?$char_traits@D@std@@V?$allocator@D@2@@std@@@std@@@std@@@2@$00@std@@QAEAAV?$_Tree_val@U?$_Tree_simple_types@U?$pair@$$CBHV?$basic_string@DU?$char_traits@D@std@@V?$allocator@D@2@@std@@@std@@@std@@@2@XZ 00409ae0 f i datagram.obj
 0001:00008af0       ?_Get_second@?$_Compressed_pair@V?$allocator@U?$_Tree_node@U?$pair@$$CBHV?$basic_string@DU?$char_traits@D@std@@V?$allocator@D@2@@std@@@std@@PAX@std@@@std@@V?$_Tree_val@U?$_Tree_simple_types@U?$pair@$$CBHV?$basic_string@DU?$char_traits@D@std@@V?$allocator@D@2@@std@@@std@@@std@@@2@$00@std@@QBEABV?$_Tree_val@U?$_Tree_simple_types@U?$pair@$$CBHV?$basic_string@DU?$char_traits@D@std@@V?$allocator@D@2@@std@@@std@@@std@@@2@XZ 00409af0 f i datagram.obj
 0001:00008b00       ?_Getal@?$_String_alloc@U?$_String_base_types@DV?$allocator@D@std@@@std@@@std@@QAEAAV?$allocator@D@2@XZ 00409b00 f i datagram.obj
 0001:00008b20       ?_Getal@?$_String_alloc@U?$_String_base_types@DV?$allocator@D@std@@@std@@@std@@QBEABV?$allocator@D@2@XZ 00409b20 f i datagram.obj
 0001:00008b40       ?_Getal@?$_Tree_comp_alloc@V?$_Tmap_traits@HV?$basic_string@DU?$char_traits@D@std@@V?$allocator@D@2@@std@@U?$less@H@2@V?$allocator@U?$pair@$$CBHV?$basic_string@DU?$char_traits@D@std@@V?$allocator@D@2@@std@@@std@@@2@$0A@@std@@@std@@QAEAAV?$allocator@U?$_Tree_node@U?$pair@$$CBHV?$basic_string@DU?$char_traits@D@std@@V?$allocator@D@2@@std@@@std@@PAX@std@@@2@XZ 00409b40 f i datagram.obj
 0001:00008b60       ?_Getal@?$_Tree_comp_alloc@V?$_Tmap_traits@HV?$basic_string@DU?$char_traits@D@std@@V?$allocator@D@2@@std@@U?$less@H@2@V?$allocator@U?$pair@$$CBHV?$basic_string@DU?$char_traits@D@std@@V?$allocator@D@2@@std@@@std@@@2@$0A@@std@@@std@@QBEABV?$allocator@U?$_Tree_node@U?$pair@$$CBHV?$basic_string@DU?$char_traits@D@std@@V?$allocator@D@2@@std@@@std@@PAX@std@@@2@XZ 00409b60 f i datagram.obj
 0001:00008b80       ?_Getcomp@?$_Tree_comp_alloc@V?$_Tmap_traits@HV?$basic_string@DU?$char_traits@D@std@@V?$allocator@D@2@@std@@U?$less@H@2@V?$allocator@U?$pair@$$CBHV?$basic_string@DU?$char_traits@D@std@@V?$allocator@D@2@@std@@@std@@@2@$0A@@std@@@std@@QAEAAU?$less@H@2@XZ 00409b80 f i datagram.obj
 0001:00008ba0       ?_Getcomp@?$_Tree_comp_alloc@V?$_Tmap_traits@HV?$basic_string@DU?$char_traits@D@std@@V?$allocator@D@2@@std@@U?$less@H@2@V?$allocator@U?$pair@$$CBHV?$basic_string@DU?$char_traits@D@std@@V?$allocator@D@2@@std@@@std@@@2@$0A@@std@@@std@@QBEABU?$less@H@2@XZ 00409ba0 f i datagram.obj
 0001:00008bc0       ?_Getcont@_Iterator_base12@std@@QBEPBU_Container_base12@2@XZ 00409bc0 f i datagram.obj
 0001:00008bf0       ?_Getfacet@locale@std@@QBEPBVfacet@12@I@Z 00409bf0 f i datagram.obj
 0001:00008c80       ?_Getpfirst@?$_Tree_comp_alloc@V?$_Tmap_traits@HV?$basic_string@DU?$char_traits@D@std@@V?$allocator@D@2@@std@@U?$less@H@2@V?$allocator@U?$pair@$$CBHV?$basic_string@DU?$char_traits@D@std@@V?$allocator@D@2@@std@@@std@@@2@$0A@@std@@@std@@QBEPAPAU_Iterator_base12@2@XZ 00409c80 f i datagram.obj
 0001:00008ca0       ?_Getstate@?$basic_stringbuf@DU?$char_traits@D@std@@V?$allocator@D@2@@std@@AAEHH@Z 00409ca0 f i datagram.obj
 0001:00008d00       ?_Init@?$basic_stringbuf@DU?$char_traits@D@std@@V?$allocator@D@2@@std@@IAEXPBDIH@Z 00409d00 f i datagram.obj
[...]
 0002:00006abc       __tryblocktable$??$_Emplace_reallocate@ABUKinematics@QuaternionDatagram@@@?$vector@UKinematics@QuaternionDatagram@@V?$allocator@UKinematics@QuaternionDatagram@@@std@@@std@@QAEPAUKinematics@QuaternionDatagram@@QAU23@ABU23@@Z 00429abc     quaterniondatagram.obj
 0002:00006ad0       __ehfuncinfo$??$_Emplace_reallocate@ABUKinematics@QuaternionDatagram@@@?$vector@UKinematics@QuaternionDatagram@@V?$allocator@UKinematics@QuaternionDatagram@@@std@@@std@@QAEPAUKinematics@QuaternionDatagram@@QAU23@ABU23@@Z 00429ad0     quaterniondatagram.obj
 0002:00006af4       __unwindtable$??0ScaleDatagram@@QAE@XZ 00429af4     scaledatagram.obj
 0002:00006b0c       __unwindtable$?deserializeData@ScaleDatagram@@MAEXAAVStreamer@@@Z 00429b0c     scaledatagram.obj
 0002:00006b2c       __ehfuncinfo$?deserializeData@ScaleDatagram@@MAEXAAVStreamer@@@Z 00429b2c     scaledatagram.obj
 0002:00006b50       __ehfuncinfo$??0ScaleDatagram@@QAE@XZ 00429b50     scaledatagram.obj
 0002:00006b74       __ehfuncinfo$??1?$_Vector_alloc@U?$_Vec_base_types@UNullPoseDefinition@ScaleDatagram@@V?$allocator@UNullPoseDefinition@ScaleDatagram@@@std@@@std@@@std@@QAE@XZ 00429b74     scaledatagram.obj
 0002:00006b98       __ehfuncinfo$??0?$vector@UNullPoseDefinition@ScaleDatagram@@V?$allocator@UNullPoseDefinition@ScaleDatagram@@@std@@@std@@QAE@XZ 00429b98     scaledatagram.obj
 0002:00006bbc       __ehfuncinfo$??1?$vector@UNullPoseDefinition@ScaleDatagram@@V?$allocator@UNullPoseDefinition@ScaleDatagram@@@std@@@std@@QAE@XZ 00429bbc     scaledatagram.obj
 0002:00006be0       __unwindtable$?_Orphan_range@?$vector@UNullPoseDefinition@ScaleDatagram@@V?$allocator@UNullPoseDefinition@ScaleDatagram@@@std@@@std@@ABEXPAUNullPoseDefinition@ScaleDatagram@@0@Z 00429be0     scaledatagram.obj
 0002:00006be8       __ehfuncinfo$?_Orphan_range@?$vector@UNullPoseDefinition@ScaleDatagram@@V?$allocator@UNullPoseDefinition@ScaleDatagram@@@std@@@std@@ABEXPAUNullPoseDefinition@ScaleDatagram@@0@Z 00429be8     scaledatagram.obj
 0002:00006c0c       __ehfuncinfo$??1?$_Vector_alloc@U?$_Vec_base_types@UPointDefinition@ScaleDatagram@@V?$allocator@UPointDefinition@ScaleDatagram@@@std@@@std@@@std@@QAE@XZ 00429c0c     scaledatagram.obj
 0002:00006c30       __ehfuncinfo$??0?$vector@UPointDefinition@ScaleDatagram@@V?$allocator@UPointDefinition@ScaleDatagram@@@std@@@std@@QAE@XZ 00429c30     scaledatagram.obj
 0002:00006c54       __ehfuncinfo$??1?$vector@UPointDefinition@ScaleDatagram@@V?$allocator@UPointDefinition@ScaleDatagram@@@std@@@std@@QAE@XZ 00429c54     scaledatagram.obj
 0002:00006c78       __unwindtable$?_Orphan_range@?$vector@UPointDefinition@ScaleDatagram@@V?$allocator@UPointDefinition@ScaleDatagram@@@std@@@std@@ABEXPAUPointDefinition@ScaleDatagram@@0@Z 00429c78     scaledatagram.obj
 0002:00006c80       __ehfuncinfo$?_Orphan_range@?$vector@UPointDefinition@ScaleDatagram@@V?$allocator@UPointDefinition@ScaleDatagram@@@std@@@std@@ABEXPAUPointDefinition@ScaleDatagram@@0@Z 00429c80     scaledatagram.obj
 0002:00006ca4       __catchsym$??$_Emplace_reallocate@ABUPointDefinition@ScaleDatagram@@@?$vector@UPointDefinition@ScaleDatagram@@V?$allocator@UPointDefinition@ScaleDatagram@@@std@@@std@@QAEPAUPointDefinition@ScaleDatagram@@QAU23@ABU23@@Z$2 00429ca4     scaledatagram.obj
 0002:00006cb4       __unwindtable$??$_Emplace_reallocate@ABUPointDefinition@ScaleDatagram@@@?$vector@UPointDefinition@ScaleDatagram@@V?$allocator@UPointDefinition@ScaleDatagram@@@std@@@std@@QAEPAUPointDefinition@ScaleDatagram@@QAU23@ABU23@@Z 00429cb4     scaledatagram.obj
 0002:00006cc4       __tryblocktable$??$_Emplace_reallocate@ABUPointDefinition@ScaleDatagram@@@?$vector@UPointDefinition@ScaleDatagram@@V?$allocator@UPointDefinition@ScaleDatagram@@@std@@@std@@QAEPAUPointDefinition@ScaleDatagram@@QAU23@ABU23@@Z 00429cc4     scaledatagram.obj
 0002:00006cd8       __ehfuncinfo$??$_Emplace_reallocate@ABUPointDefinition@ScaleDatagram@@@?$vector@UPointDefinition@ScaleDatagram@@V?$allocator@UPointDefinition@ScaleDatagram@@@std@@@std@@QAEPAUPointDefinition@ScaleDatagram@@QAU23@ABU23@@Z 00429cd8     scaledatagram.obj
 0002:00006cfc       __catchsym$??$_Emplace_reallocate@ABUNullPoseDefinition@ScaleDatagram@@@?$vector@UNullPoseDefinition@ScaleDatagram@@V?$allocator@UNullPoseDefinition@ScaleDatagram@@@std@@@std@@QAEPAUNullPoseDefinition@ScaleDatagram@@QAU23@ABU23@@Z$2 00429cfc     scaledatagram.obj
 0002:00006d0c       __unwindtable$??$_Emplace_reallocate@ABUNullPoseDefinition@ScaleDatagram@@@?$vector@UNullPoseDefinition@ScaleDatagram@@V?$allocator@UNullPoseDefinition@ScaleDatagram@@@std@@@std@@QAEPAUNullPoseDefinition@ScaleDatagram@@QAU23@ABU23@@Z 00429d0c     scaledatagram.obj
 0002:00006d1c       __tryblocktable$??$_Emplace_reallocate@ABUNullPoseDefinition@ScaleDatagram@@@?$vector@UNullPoseDefinition@ScaleDatagram@@V?$allocator@UNullPoseDefinition@ScaleDatagram@@@std@@@std@@QAEPAUNullPoseDefinition@ScaleDatagram@@QAU23@ABU23@@Z 00429d1c     scaledatagram.obj
 0002:00006d30       __ehfuncinfo$??$_Emplace_reallocate@ABUNullPoseDefinition@ScaleDatagram@@@?$vector@UNullPoseDefinition@ScaleDatagram@@V?$allocator@UNullPoseDefinition@ScaleDatagram@@@std@@@std@@QAEPAUNullPoseDefinition@ScaleDatagram@@QAU23@ABU23@@Z 00429d30     scaledatagram.obj
 0002:00006d54       __unwindtable$??$_Uninitialized_move_al_unchecked@PAUPointDefinition@ScaleDatagram@@PAU12@V?$allocator@UPointDefinition@ScaleDatagram@@@std@@@std@@YAPAUPointDefinition@ScaleDatagram@@PAU12@QAU12@1AAV?$allocator@UPointDefinition@ScaleDatagram@@@0@U_General_ptr_iterator_tag@0@U_Unused_parameter@0@@Z 00429d54     scaledatagram.obj
 0002:00006d5c       __ehfuncinfo$??$_Uninitialized_move_al_unchecked@PAUPointDefinition@ScaleDatagram@@PAU12@V?$allocator@UPointDefinition@ScaleDatagram@@@std@@@std@@YAPAUPointDefinition@ScaleDatagram@@PAU12@QAU12@1AAV?$allocator@UPointDefinition@ScaleDatagram@@@0@U_General_ptr_iterator_tag@0@U_Unused_parameter@0@@Z 00429d5c     scaledatagram.obj
 0002:00006d80       __unwindtable$??$_Uninitialized_move_al_unchecked@PAUNullPoseDefinition@ScaleDatagram@@PAU12@V?$allocator@UNullPoseDefinition@ScaleDatagram@@@std@@@std@@YAPAUNullPoseDefinition@ScaleDatagram@@PAU12@QAU12@1AAV?$allocator@UNullPoseDefinition@ScaleDatagram@@@0@U_General_ptr_iterator_tag@0@U_Unused_parameter@0@@Z 00429d80     scaledatagram.obj
 0002:00006d88       __ehfuncinfo$??$_Uninitialized_move_al_unchecked@PAUNullPoseDefinition@ScaleDatagram@@PAU12@V?$allocator@UNullPoseDefinition@ScaleDatagram@@@std@@@std@@YAPAUNullPoseDefinition@ScaleDatagram@@PAU12@QAU12@1AAV?$allocator@UNullPoseDefinition@ScaleDatagram@@@0@U_General_ptr_iterator_tag@0@U_Unused_parameter@0@@Z 00429d88     scaledatagram.obj
 0002:00006dac       __ehfuncinfo$??1?$_Uninitialized_backout_al@PAUPointDefinition@ScaleDatagram@@V?$allocator@UPointDefinition@ScaleDatagram@@@std@@@std@@QAE@XZ 00429dac     scaledatagram.obj
 0002:00006dd0       __ehfuncinfo$??1?$_Uninitialized_backout_al@PAUNullPoseDefinition@ScaleDatagram@@V?$allocator@UNullPoseDefinition@ScaleDatagram@@@std@@@std@@QAE@XZ 00429dd0     scaledatagram.obj
 0002:00006df4       __unwindtable$?deserializeData@TimeCodeDatagram@@MAEXAAVStreamer@@@Z 00429df4     timecodedatagram.obj
 0002:00006dfc       __unwindtable$??0TimeCodeDatagram@@QAE@XZ 00429dfc     timecodedatagram.obj
 0002:00006e04       __ehfuncinfo$?deserializeData@TimeCodeDatagram@@MAEXAAVStreamer@@@Z 00429e04     timecodedatagram.obj
 0002:00006e28       __ehfuncinfo$??0TimeCodeDatagram@@QAE@XZ 00429e28     timecodedatagram.obj
 0002:00006e4c       __unwindtable$??0TrackerKinematicsDatagram@@QAE@XZ 00429e4c     trackerkinematicsdatagram.obj
 0002:00006e5c       __ehfuncinfo$??0TrackerKinematicsDatagram@@QAE@XZ 00429e5c     trackerkinematicsdatagram.obj
 0002:00006e80       __ehfuncinfo$??1?$_Vector_alloc@U?$_Vec_base_types@UKinematics@TrackerKinematicsDatagram@@V?$allocator@UKinematics@TrackerKinematicsDatagram@@@std@@@std@@@std@@QAE@XZ 00429e80     trackerkinematicsdatagram.obj
 0002:00006ea4       __ehfuncinfo$??0?$vector@UKinematics@TrackerKinematicsDatagram@@V?$allocator@UKinematics@TrackerKinematicsDatagram@@@std@@@std@@QAE@XZ 00429ea4     trackerkinematicsdatagram.obj
 0002:00006ec8       __ehfuncinfo$??1?$vector@UKinematics@TrackerKinematicsDatagram@@V?$allocator@UKinematics@TrackerKinematicsDatagram@@@std@@@std@@QAE@XZ 00429ec8     trackerkinematicsdatagram.obj
 0002:00006eec       __unwindtable$?_Orphan_range@?$vector@UKinematics@TrackerKinematicsDatagram@@V?$allocator@UKinematics@TrackerKinematicsDatagram@@@std@@@std@@ABEXPAUKinematics@TrackerKinematicsDatagram@@0@Z 00429eec     trackerkinematicsdatagram.obj
 0002:00006ef4       __ehfuncinfo$?_Orphan_range@?$vector@UKinematics@TrackerKinematicsDatagram@@V?$allocator@UKinematics@TrackerKinematicsDatagram@@@std@@@std@@ABEXPAUKinematics@TrackerKinematicsDatagram@@0@Z 00429ef4     trackerkinematicsdatagram.obj
 0002:00006f18       __catchsym$??$_Emplace_reallocate@ABUKinematics@TrackerKinematicsDatagram@@@?$vector@UKinematics@TrackerKinematicsDatagram@@V?$allocator@UKinematics@TrackerKinematicsDatagram@@@std@@@std@@QAEPAUKinematics@TrackerKinematicsDatagram@@QAU23@ABU23@@Z$2 00429f18     trackerkinematicsdatagram.obj
 0002:00006f28       __unwindtable$??$_Emplace_reallocate@ABUKinematics@TrackerKinematicsDatagram@@@?$vector@UKinematics@TrackerKinematicsDatagram@@V?$allocator@UKinematics@TrackerKinematicsDatagram@@@std@@@std@@QAEPAUKinematics@TrackerKinematicsDatagram@@QAU23@ABU23@@Z 00429f28     trackerkinematicsdatagram.obj
 0002:00006f38       __tryblocktable$??$_Emplace_reallocate@ABUKinematics@TrackerKinematicsDatagram@@@?$vector@UKinematics@TrackerKinematicsDatagram@@V?$allocator@UKinematics@TrackerKinematicsDatagram@@@std@@@std@@QAEPAUKinematics@TrackerKinematicsDatagram@@QAU23@ABU23@@Z 00429f38     trackerkinematicsdatagram.obj
 0002:00006f4c       __ehfuncinfo$??$_Emplace_reallocate@ABUKinematics@TrackerKinematicsDatagram@@@?$vector@UKinematics@TrackerKinematicsDatagram@@V?$allocator@UKinematics@TrackerKinematicsDatagram@@@std@@@std@@QAEPAUKinematics@TrackerKinematicsDatagram@@QAU23@ABU23@@Z 00429f4c     trackerkinematicsdatagram.obj
 0002:00006f70       __unwindtable$?readMessages@UdpServer@@QAEXXZ 00429f70     udpserver.obj
 0002:00006f78       __ehfuncinfo$?readMessages@UdpServer@@QAEXXZ 00429f78     udpserver.obj
 0002:00006f9c       __ehfuncinfo$??1UdpServer@@QAE@XZ 00429f9c     udpserver.obj
 0002:00006fc0       __ehfuncinfo$??0UdpServer@@QAE@UXsString@@G@Z 00429fc0     udpserver.obj
 0002:00006fe4       __unwindtable$??0UdpServer@@QAE@UXsString@@G@Z 00429fe4     udpserver.obj
 0002:00007014       __ehfuncinfo$??$?0U?$default_delete@UXsSocket@@@std@@$0A@@?$unique_ptr@UXsSocket@@U?$default_delete@UXsSocket@@@std@@@std@@QAE@XZ 0042a014     udpserver.obj
 0002:00007038       __ehfuncinfo$??$?0U?$default_delete@VParserManager@@@std@@$0A@@?$unique_ptr@VParserManager@@U?$default_delete@VParserManager@@@std@@@std@@QAE@XZ 0042a038     udpserver.obj
 0002:00007094       __unwindtable$?_Facet_Register@std@@YAXPAV_Facet_base@1@@Z 0042a094     msvcprtd:locale0_implib.obj
 0002:0000709c       __ehfuncinfo$?_Facet_Register@std@@YAXPAV_Facet_base@1@@Z 0042a09c     msvcprtd:locale0_implib.obj
 0002:000070c0       __ehfuncinfo$??1_Fac_node@std@@QAE@XZ 0042a0c0     msvcprtd:locale0_implib.obj
 0002:000070e8       __sehtable$?__scrt_common_main_seh@@YAHXZ 0042a0e8     MSVCRTD:exe_main.obj
 0002:00007108       __sehtable$___scrt_is_nonwritable_in_current_image 0042a108     MSVCRTD:utility.obj
 0002:00007806       .idata$6                   0042a806     xstypes32:xstypes32.dll
 0002:00007824       .idata$6                   0042a824     kernel32:KERNEL32.dll
 0002:0000877e       .idata$6                   0042b77e     msvcprtd:MSVCP140D.dll
 0002:00008872       .idata$6                   0042b872     vcruntimed:VCRUNTIME140D.dll
 0002:00008b4c       .idata$6                   0042bb4c     ucrtd:ucrtbased.dll
 0003:00000460       ?two@XsMath@@3ABNB         0042c460     angularsegmentkinematicsdatagram.obj
 0003:00000464       ?minusHalfPi@XsMath@@3ABNB 0042c464     angularsegmentkinematicsdatagram.obj
 0003:00000468       ?pt5@XsMath@@3ABNB         0042c468     angularsegmentkinematicsdatagram.obj
 0003:0000046c       ?four@XsMath@@3ABNB        0042c46c     angularsegmentkinematicsdatagram.obj
 0003:00000470       ?one@XsMath@@3ABNB         0042c470     angularsegmentkinematicsdatagram.obj
 0003:00000474       ?halfPi@XsMath@@3ABNB      0042c474     angularsegmentkinematicsdatagram.obj
 0003:00000478       ?tinyValue@XsMath@@3ABNB   0042c478     angularsegmentkinematicsdatagram.obj
 0003:0000047c       ?deg2radValue@XsMath@@3ABNB 0042c47c     angularsegmentkinematicsdatagram.obj
 0003:00000480       ?rad2degValue@XsMath@@3ABNB 0042c480     angularsegmentkinematicsdatagram.obj
 0003:00000484       ?infinity@XsMath@@3ABNB    0042c484     angularsegmentkinematicsdatagram.obj
 0003:00000488       ?sqrtEpsilon@XsMath@@3ABNB 0042c488     angularsegmentkinematicsdatagram.obj
 0003:0000048c       ?denormalized@XsMath@@3ABNB 0042c48c     angularsegmentkinematicsdatagram.obj
 0003:00000490       ?minusOne@XsMath@@3ABNB    0042c490     angularsegmentkinematicsdatagram.obj
 0003:00000494       ?zero@XsMath@@3ABNB        0042c494     angularsegmentkinematicsdatagram.obj
 0003:00000498       ?minusPt5@XsMath@@3ABNB    0042c498     angularsegmentkinematicsdatagram.obj
 0003:0000049c       ?minusTwo@XsMath@@3ABNB    0042c49c     angularsegmentkinematicsdatagram.obj
 0003:000004a0       ?e@XsMath@@3ABNB           0042c4a0     angularsegmentkinematicsdatagram.obj
 0003:000004a4       ?twoPi@XsMath@@3ABNB       0042c4a4     angularsegmentkinematicsdatagram.obj
 0003:000004a8       ?hugeValue@XsMath@@3ABNB   0042c4a8     angularsegmentkinematicsdatagram.obj
 0003:000004ac       ?sqrtHalf@XsMath@@3ABNB    0042c4ac     angularsegmentkinematicsdatagram.obj
 0003:000004b0       ?pi@XsMath@@3ABNB          0042c4b0     angularsegmentkinematicsdatagram.obj
 0003:000004b4       ?sqrtDenormalized@XsMath@@3ABNB 0042c4b4     angularsegmentkinematicsdatagram.obj
 0003:000004b8       ?epsilon@XsMath@@3ABNB     0042c4b8     angularsegmentkinematicsdatagram.obj
 0003:000004bc       ?pt25@XsMath@@3ABNB        0042c4bc     angularsegmentkinematicsdatagram.obj
 0003:000004c0       ?sqrt2@XsMath@@3ABNB       0042c4c0     angularsegmentkinematicsdatagram.obj
 0003:000004c8       ?two@XsMath@@3ABNB         0042c4c8     eulerdatagram.obj
 0003:000004cc       ?minusHalfPi@XsMath@@3ABNB 0042c4cc     eulerdatagram.obj
 0003:000004d0       ?pt5@XsMath@@3ABNB         0042c4d0     eulerdatagram.obj
 0003:000004d4       ?four@XsMath@@3ABNB        0042c4d4     eulerdatagram.obj
 0003:000004d8       ?one@XsMath@@3ABNB         0042c4d8     eulerdatagram.obj
 0003:000004dc       ?halfPi@XsMath@@3ABNB      0042c4dc     eulerdatagram.obj
 0003:000004e0       ?tinyValue@XsMath@@3ABNB   0042c4e0     eulerdatagram.obj
 0003:000004e4       ?deg2radValue@XsMath@@3ABNB 0042c4e4     eulerdatagram.obj
 0003:000004e8       ?rad2degValue@XsMath@@3ABNB 0042c4e8     eulerdatagram.obj
 0003:000004ec       ?infinity@XsMath@@3ABNB    0042c4ec     eulerdatagram.obj
 0003:000004f0       ?sqrtEpsilon@XsMath@@3ABNB 0042c4f0     eulerdatagram.obj
 0003:000004f4       ?denormalized@XsMath@@3ABNB 0042c4f4     eulerdatagram.obj
 0003:000004f8       ?minusOne@XsMath@@3ABNB    0042c4f8     eulerdatagram.obj
 0003:000004fc       ?zero@XsMath@@3ABNB        0042c4fc     eulerdatagram.obj
 0003:00000500       ?minusPt5@XsMath@@3ABNB    0042c500     eulerdatagram.obj
 0003:00000504       ?minusTwo@XsMath@@3ABNB    0042c504     eulerdatagram.obj
 0003:00000508       ?e@XsMath@@3ABNB           0042c508     eulerdatagram.obj
 0003:0000050c       ?twoPi@XsMath@@3ABNB       0042c50c     eulerdatagram.obj
 0003:00000510       ?hugeValue@XsMath@@3ABNB   0042c510     eulerdatagram.obj
 0003:00000514       ?sqrtHalf@XsMath@@3ABNB    0042c514     eulerdatagram.obj
 0003:00000518       ?pi@XsMath@@3ABNB          0042c518     eulerdatagram.obj
 0003:0000051c       ?sqrtDenormalized@XsMath@@3ABNB 0042c51c     eulerdatagram.obj
 0003:00000520       ?epsilon@XsMath@@3ABNB     0042c520     eulerdatagram.obj
 0003:00000524       ?pt25@XsMath@@3ABNB        0042c524     eulerdatagram.obj
 0003:00000528       ?sqrt2@XsMath@@3ABNB       0042c528     eulerdatagram.obj
 0003:0000052c       ?secPerDay@XsTime@@3ABUXsTimeStamp@@B 0042c52c     main.obj
 0003:00000530       ?timeStampMax@XsTime@@3ABUXsTimeStamp@@B 0042c530     main.obj
 0003:00000534       ?milliSecPerDay@XsTime@@3ABUXsTimeStamp@@B 0042c534     main.obj
 0003:00000538       ?two@XsMath@@3ABNB         0042c538     quaterniondatagram.obj
 0003:0000053c       ?minusHalfPi@XsMath@@3ABNB 0042c53c     quaterniondatagram.obj
 0003:00000540       ?pt5@XsMath@@3ABNB         0042c540     quaterniondatagram.obj
 0003:00000544       ?four@XsMath@@3ABNB        0042c544     quaterniondatagram.obj
 0003:00000548       ?one@XsMath@@3ABNB         0042c548     quaterniondatagram.obj
 0003:0000054c       ?halfPi@XsMath@@3ABNB      0042c54c     quaterniondatagram.obj
 0003:00000550       ?tinyValue@XsMath@@3ABNB   0042c550     quaterniondatagram.obj
 0003:00000554       ?deg2radValue@XsMath@@3ABNB 0042c554     quaterniondatagram.obj
 0003:00000558       ?rad2degValue@XsMath@@3ABNB 0042c558     quaterniondatagram.obj
 0003:0000055c       ?infinity@XsMath@@3ABNB    0042c55c     quaterniondatagram.obj
 0003:00000560       ?sqrtEpsilon@XsMath@@3ABNB 0042c560     quaterniondatagram.obj
 0003:00000564       ?denormalized@XsMath@@3ABNB 0042c564     quaterniondatagram.obj
 0003:00000568       ?minusOne@XsMath@@3ABNB    0042c568     quaterniondatagram.obj
 0003:0000056c       ?zero@XsMath@@3ABNB        0042c56c     quaterniondatagram.obj
 0003:00000570       ?minusPt5@XsMath@@3ABNB    0042c570     quaterniondatagram.obj
 0003:00000574       ?minusTwo@XsMath@@3ABNB    0042c574     quaterniondatagram.obj
 0003:00000578       ?e@XsMath@@3ABNB           0042c578     quaterniondatagram.obj
 0003:0000057c       ?twoPi@XsMath@@3ABNB       0042c57c     quaterniondatagram.obj
 0003:00000580       ?hugeValue@XsMath@@3ABNB   0042c580     quaterniondatagram.obj
 0003:00000584       ?sqrtHalf@XsMath@@3ABNB    0042c584     quaterniondatagram.obj
 0003:00000588       ?pi@XsMath@@3ABNB          0042c588     quaterniondatagram.obj
 0003:0000058c       ?sqrtDenormalized@XsMath@@3ABNB 0042c58c     quaterniondatagram.obj
 0003:00000590       ?epsilon@XsMath@@3ABNB     0042c590     quaterniondatagram.obj
 0003:00000594       ?pt25@XsMath@@3ABNB        0042c594     quaterniondatagram.obj
 0003:00000598       ?sqrt2@XsMath@@3ABNB       0042c598     quaterniondatagram.obj
 0003:000005b0       ?secPerDay@XsTime@@3ABUXsTimeStamp@@B 0042c5b0     udpserver.obj
 0003:000005b4       ?timeStampMax@XsTime@@3ABUXsTimeStamp@@B 0042c5b4     udpserver.obj
 0003:000005b8       ?milliSecPerDay@XsTime@@3ABUXsTimeStamp@@B 0042c5b8     udpserver.obj
 0003:000005bc       ?_Fac_head@std@@3PAU_Fac_node@1@A 0042c5bc     msvcprtd:locale0_implib.obj
 0003:000005c0       ?_Fac_tidy_reg@std@@3U_Fac_tidy_reg_t@1@B 0042c5c0     msvcprtd:locale0_implib.obj
 0003:000005cc       ?module_local_atexit_table@@3U_onexit_table_t@@A 0042c5cc     MSVCRTD:utility.obj
 0003:000005d8       ?module_local_at_quick_exit_table@@3U_onexit_table_t@@A 0042c5d8     MSVCRTD:utility.obj
 0003:000005e4       ?module_local_atexit_table_initialized@@3_NA 0042c5e4     MSVCRTD:utility.obj
 0003:000005e5       ?is_initialized_as_dll@@3_NA 0042c5e5     MSVCRTD:utility.obj
 0003:000005e8       _GS_ExceptionRecord        0042c5e8     MSVCRTD:gs_report.obj
 0003:00000638       _GS_ContextRecord          0042c638     MSVCRTD:gs_report.obj
 0004:00000060       $R000000                   0042d060     * linker generated manifest res *
